Component: ARM Compiler 5.06 update 1 (build 61) Tool: armlink [4d35a8]

==============================================================================

Section Cross References

    startup_stm32f411xe.o(STACK) refers (Special) to heapauxi.o(.text) for __use_two_region_memory
    startup_stm32f411xe.o(HEAP) refers (Special) to heapauxi.o(.text) for __use_two_region_memory
    startup_stm32f411xe.o(RESET) refers (Special) to heapauxi.o(.text) for __use_two_region_memory
    startup_stm32f411xe.o(RESET) refers to startup_stm32f411xe.o(STACK) for __initial_sp
    startup_stm32f411xe.o(RESET) refers to startup_stm32f411xe.o(.text) for Reset_Handler
    startup_stm32f411xe.o(RESET) refers to stm32f4xx_it.o(i.NMI_Handler) for NMI_Handler
    startup_stm32f411xe.o(RESET) refers to stm32f4xx_it.o(i.HardFault_Handler) for HardFault_Handler
    startup_stm32f411xe.o(RESET) refers to stm32f4xx_it.o(i.MemManage_Handler) for MemManage_Handler
    startup_stm32f411xe.o(RESET) refers to stm32f4xx_it.o(i.BusFault_Handler) for BusFault_Handler
    startup_stm32f411xe.o(RESET) refers to stm32f4xx_it.o(i.UsageFault_Handler) for UsageFault_Handler
    startup_stm32f411xe.o(RESET) refers to stm32f4xx_it.o(i.SVC_Handler) for SVC_Handler
    startup_stm32f411xe.o(RESET) refers to stm32f4xx_it.o(i.DebugMon_Handler) for DebugMon_Handler
    startup_stm32f411xe.o(RESET) refers to stm32f4xx_it.o(i.PendSV_Handler) for PendSV_Handler
    startup_stm32f411xe.o(RESET) refers to stm32f4xx_it.o(i.SysTick_Handler) for SysTick_Handler
    startup_stm32f411xe.o(RESET) refers to uart.o(i.DMA1_Stream6_IRQHandler) for DMA1_Stream6_IRQHandler
    startup_stm32f411xe.o(RESET) refers to uart.o(i.USART2_IRQHandler) for USART2_IRQHandler
    startup_stm32f411xe.o(.text) refers (Special) to heapauxi.o(.text) for __use_two_region_memory
    startup_stm32f411xe.o(.text) refers to system_stm32f4xx.o(i.SystemInit) for SystemInit
    startup_stm32f411xe.o(.text) refers to __main.o(!!!main) for __main
    startup_stm32f411xe.o(.text) refers to startup_stm32f411xe.o(HEAP) for Heap_Mem
    startup_stm32f411xe.o(.text) refers to startup_stm32f411xe.o(STACK) for Stack_Mem
    stimer.o(i.cancelTimer) refers to stimer.o(.bss) for .bss
    stimer.o(i.isTimerRunning) refers to stimer.o(.bss) for .bss
    stimer.o(i.processTimerEvents) refers to system.o(i.getSysTickCount) for getSysTickCount
    stimer.o(i.processTimerEvents) refers to stimer.o(.bss) for .bss
    stimer.o(i.processTimerEvents) refers to stimer.o(.data) for .data
    stimer.o(i.startTimer) refers to system.o(i.getSysTickCount) for getSysTickCount
    stimer.o(i.startTimer) refers to stimer.o(.bss) for .bss
    system.o(i.delayMs) refers to stm32f4xx_hal.o(i.HAL_GetTick) for HAL_GetTick
    system.o(i.getRstReason) refers to system.o(.data) for .data
    system.o(i.getSysTickCount) refers to stm32f4xx_hal.o(i.HAL_GetTick) for HAL_GetTick
    system.o(i.initSystem) refers to system.o(.data) for .data
    main.o(i.MX_GPIO_Init) refers to rt_memclr_w.o(.text) for __aeabi_memclr4
    main.o(i.MX_GPIO_Init) refers to stm32f4xx_hal_gpio.o(i.HAL_GPIO_WritePin) for HAL_GPIO_WritePin
    main.o(i.MX_GPIO_Init) refers to stm32f4xx_hal_gpio.o(i.HAL_GPIO_Init) for HAL_GPIO_Init
    main.o(i.MX_SPI2_Init) refers to stm32f4xx_hal_spi.o(i.HAL_SPI_Init) for HAL_SPI_Init
    main.o(i.MX_SPI2_Init) refers to main.o(.bss) for .bss
    main.o(i.SystemClock_Config) refers to rt_memclr_w.o(.text) for __aeabi_memclr4
    main.o(i.SystemClock_Config) refers to stm32f4xx_hal_rcc.o(i.HAL_RCC_OscConfig) for HAL_RCC_OscConfig
    main.o(i.SystemClock_Config) refers to stm32f4xx_hal_rcc.o(i.HAL_RCC_ClockConfig) for HAL_RCC_ClockConfig
    main.o(i.main) refers to stm32f4xx_hal.o(i.HAL_Init) for HAL_Init
    main.o(i.main) refers to main.o(i.SystemClock_Config) for SystemClock_Config
    main.o(i.main) refers to main.o(i.MX_GPIO_Init) for MX_GPIO_Init
    main.o(i.main) refers to main.o(i.MX_SPI2_Init) for MX_SPI2_Init
    main.o(i.main) refers to des.o(i.initGyroTask) for initGyroTask
    main.o(i.main) refers to des.o(i.initAccelTask) for initAccelTask
    main.o(i.main) refers to des.o(i.initLogDataTask) for initLogDataTask
    main.o(i.main) refers to des.o(i.initScreenTask) for initScreenTask
    main.o(i.main) refers to stimer.o(i.processTimerEvents) for processTimerEvents
    stm32f4xx_it.o(i.SysTick_Handler) refers to stm32f4xx_hal.o(i.HAL_IncTick) for HAL_IncTick
    stm32f4xx_hal_msp.o(i.HAL_SPI_MspDeInit) refers to stm32f4xx_hal_gpio.o(i.HAL_GPIO_DeInit) for HAL_GPIO_DeInit
    stm32f4xx_hal_msp.o(i.HAL_SPI_MspInit) refers to rt_memclr_w.o(.text) for __aeabi_memclr4
    stm32f4xx_hal_msp.o(i.HAL_SPI_MspInit) refers to stm32f4xx_hal_gpio.o(i.HAL_GPIO_Init) for HAL_GPIO_Init
    font.o(.data) refers to font.o(.constdata) for Font7x10
    font.o(.data) refers to font.o(.constdata) for Font11x18
    font.o(.data) refers to font.o(.constdata) for Font16x26
[...]
    Removing stm32f4xx_hal_dma.o(i.HAL_DMA_RegisterCallback), (80 bytes).
    Removing stm32f4xx_hal_dma.o(i.HAL_DMA_Start), (70 bytes).
    Removing stm32f4xx_hal_dma.o(i.HAL_DMA_Start_IT), (110 bytes).
    Removing stm32f4xx_hal_dma.o(i.HAL_DMA_UnRegisterCallback), (96 bytes).
    Removing stm32f4xx_hal_dma.o(.constdata), (8 bytes).
    Removing stm32f4xx_hal_pwr.o(.rev16_text), (4 bytes).
    Removing stm32f4xx_hal_pwr.o(.revsh_text), (4 bytes).
    Removing stm32f4xx_hal_pwr.o(.rrx_text), (6 bytes).
    Removing stm32f4xx_hal_pwr.o(i.HAL_PWR_ConfigPVD), (124 bytes).
    Removing stm32f4xx_hal_pwr.o(i.HAL_PWR_DeInit), (24 bytes).
    Removing stm32f4xx_hal_pwr.o(i.HAL_PWR_DisableBkUpAccess), (24 bytes).
    Removing stm32f4xx_hal_pwr.o(i.HAL_PWR_DisablePVD), (12 bytes).
    Removing stm32f4xx_hal_pwr.o(i.HAL_PWR_DisableSEVOnPend), (16 bytes).
    Removing stm32f4xx_hal_pwr.o(i.HAL_PWR_DisableSleepOnExit), (16 bytes).
    Removing stm32f4xx_hal_pwr.o(i.HAL_PWR_DisableWakeUpPin), (16 bytes).
    Removing stm32f4xx_hal_pwr.o(i.HAL_PWR_EnableBkUpAccess), (24 bytes).
    Removing stm32f4xx_hal_pwr.o(i.HAL_PWR_EnablePVD), (12 bytes).
    Removing stm32f4xx_hal_pwr.o(i.HAL_PWR_EnableSEVOnPend), (16 bytes).
    Removing stm32f4xx_hal_pwr.o(i.HAL_PWR_EnableSleepOnExit), (16 bytes).
    Removing stm32f4xx_hal_pwr.o(i.HAL_PWR_EnableWakeUpPin), (16 bytes).
    Removing stm32f4xx_hal_pwr.o(i.HAL_PWR_EnterSLEEPMode), (32 bytes).
    Removing stm32f4xx_hal_pwr.o(i.HAL_PWR_EnterSTANDBYMode), (32 bytes).
    Removing stm32f4xx_hal_pwr.o(i.HAL_PWR_EnterSTOPMode), (56 bytes).
    Removing stm32f4xx_hal_pwr.o(i.HAL_PWR_PVDCallback), (2 bytes).
    Removing stm32f4xx_hal_pwr.o(i.HAL_PWR_PVD_IRQHandler), (28 bytes).
    Removing stm32f4xx_hal_pwr_ex.o(.rev16_text), (4 bytes).
    Removing stm32f4xx_hal_pwr_ex.o(.revsh_text), (4 bytes).
    Removing stm32f4xx_hal_pwr_ex.o(.rrx_text), (6 bytes).
    Removing stm32f4xx_hal_pwr_ex.o(i.HAL_PWREx_ControlVoltageScaling), (176 bytes).
    Removing stm32f4xx_hal_pwr_ex.o(i.HAL_PWREx_DisableBkUpReg), (60 bytes).
    Removing stm32f4xx_hal_pwr_ex.o(i.HAL_PWREx_DisableFlashPowerDown), (12 bytes).
    Removing stm32f4xx_hal_pwr_ex.o(i.HAL_PWREx_DisableLowRegulatorLowVoltage), (12 bytes).
    Removing stm32f4xx_hal_pwr_ex.o(i.HAL_PWREx_DisableMainRegulatorLowVoltage), (12 bytes).
    Removing stm32f4xx_hal_pwr_ex.o(i.HAL_PWREx_EnableBkUpReg), (60 bytes).
    Removing stm32f4xx_hal_pwr_ex.o(i.HAL_PWREx_EnableFlashPowerDown), (12 bytes).
    Removing stm32f4xx_hal_pwr_ex.o(i.HAL_PWREx_EnableLowRegulatorLowVoltage), (12 bytes).
    Removing stm32f4xx_hal_pwr_ex.o(i.HAL_PWREx_EnableMainRegulatorLowVoltage), (12 bytes).
    Removing stm32f4xx_hal_pwr_ex.o(i.HAL_PWREx_GetVoltageRange), (16 bytes).
    Removing stm32f4xx_hal_cortex.o(.rev16_text), (4 bytes).
    Removing stm32f4xx_hal_cortex.o(.revsh_text), (4 bytes).
    Removing stm32f4xx_hal_cortex.o(.rrx_text), (6 bytes).
    Removing stm32f4xx_hal_cortex.o(i.HAL_MPU_ConfigRegion), (84 bytes).
    Removing stm32f4xx_hal_cortex.o(i.HAL_MPU_Disable), (28 bytes).
    Removing stm32f4xx_hal_cortex.o(i.HAL_MPU_Enable), (36 bytes).
    Removing stm32f4xx_hal_cortex.o(i.HAL_NVIC_ClearPendingIRQ), (26 bytes).
    Removing stm32f4xx_hal_cortex.o(i.HAL_NVIC_DisableIRQ), (34 bytes).
    Removing stm32f4xx_hal_cortex.o(i.HAL_NVIC_EnableIRQ), (26 bytes).
    Removing stm32f4xx_hal_cortex.o(i.HAL_NVIC_GetActive), (36 bytes).
    Removing stm32f4xx_hal_cortex.o(i.HAL_NVIC_GetPendingIRQ), (36 bytes).
    Removing stm32f4xx_hal_cortex.o(i.HAL_NVIC_GetPriority), (82 bytes).
    Removing stm32f4xx_hal_cortex.o(i.HAL_NVIC_GetPriorityGrouping), (16 bytes).
    Removing stm32f4xx_hal_cortex.o(i.HAL_NVIC_SetPendingIRQ), (26 bytes).
    Removing stm32f4xx_hal_cortex.o(i.HAL_NVIC_SystemReset), (36 bytes).
    Removing stm32f4xx_hal_cortex.o(i.HAL_SYSTICK_CLKSourceConfig), (24 bytes).
    Removing stm32f4xx_hal_cortex.o(i.HAL_SYSTICK_Callback), (2 bytes).
    Removing stm32f4xx_hal_cortex.o(i.HAL_SYSTICK_IRQHandler), (8 bytes).
    Removing stm32f4xx_hal.o(.rev16_text), (4 bytes).
    Removing stm32f4xx_hal.o(.revsh_text), (4 bytes).
    Removing stm32f4xx_hal.o(.rrx_text), (6 bytes).
    Removing stm32f4xx_hal.o(i.HAL_DBGMCU_DisableDBGSleepMode), (16 bytes).
    Removing stm32f4xx_hal.o(i.HAL_DBGMCU_DisableDBGStandbyMode), (16 bytes).
    Removing stm32f4xx_hal.o(i.HAL_DBGMCU_DisableDBGStopMode), (16 bytes).
    Removing stm32f4xx_hal.o(i.HAL_DBGMCU_EnableDBGSleepMode), (16 bytes).
    Removing stm32f4xx_hal.o(i.HAL_DBGMCU_EnableDBGStandbyMode), (16 bytes).
    Removing stm32f4xx_hal.o(i.HAL_DBGMCU_EnableDBGStopMode), (16 bytes).
    Removing stm32f4xx_hal.o(i.HAL_DeInit), (52 bytes).
    Removing stm32f4xx_hal.o(i.HAL_DisableCompensationCell), (12 bytes).
    Removing stm32f4xx_hal.o(i.HAL_EnableCompensationCell), (12 bytes).
    Removing stm32f4xx_hal.o(i.HAL_GetDEVID), (16 bytes).
    Removing stm32f4xx_hal.o(i.HAL_GetHalVersion), (8 bytes).
    Removing stm32f4xx_hal.o(i.HAL_GetREVID), (12 bytes).
    Removing stm32f4xx_hal.o(i.HAL_GetTickFreq), (12 bytes).
    Removing stm32f4xx_hal.o(i.HAL_GetTickPrio), (12 bytes).
    Removing stm32f4xx_hal.o(i.HAL_GetUIDw0), (12 bytes).
    Removing stm32f4xx_hal.o(i.HAL_GetUIDw1), (12 bytes).
    Removing stm32f4xx_hal.o(i.HAL_GetUIDw2), (12 bytes).
    Removing stm32f4xx_hal.o(i.HAL_MspDeInit), (2 bytes).
    Removing stm32f4xx_hal.o(i.HAL_MspInit), (2 bytes).
    Removing stm32f4xx_hal.o(i.HAL_ResumeTick), (14 bytes).
    Removing stm32f4xx_hal.o(i.HAL_SetTickFreq), (36 bytes).
    Removing stm32f4xx_hal.o(i.HAL_SuspendTick), (14 bytes).
    Removing stm32f4xx_hal_exti.o(.rev16_text), (4 bytes).
    Removing stm32f4xx_hal_exti.o(.revsh_text), (4 bytes).
    Removing stm32f4xx_hal_exti.o(.rrx_text), (6 bytes).
    Removing stm32f4xx_hal_exti.o(i.HAL_EXTI_ClearConfigLine), (108 bytes).
    Removing stm32f4xx_hal_exti.o(i.HAL_EXTI_ClearPending), (20 bytes).
    Removing stm32f4xx_hal_exti.o(i.HAL_EXTI_GenerateSWI), (20 bytes).
    Removing stm32f4xx_hal_exti.o(i.HAL_EXTI_GetConfigLine), (148 bytes).
    Removing stm32f4xx_hal_exti.o(i.HAL_EXTI_GetHandle), (12 bytes).
    Removing stm32f4xx_hal_exti.o(i.HAL_EXTI_GetPending), (24 bytes).
    Removing stm32f4xx_hal_exti.o(i.HAL_EXTI_IRQHandler), (36 bytes).
    Removing stm32f4xx_hal_exti.o(i.HAL_EXTI_RegisterCallback), (14 bytes).
    Removing stm32f4xx_hal_exti.o(i.HAL_EXTI_SetConfigLine), (168 bytes).
    Removing stm32f4xx_hal_tim.o(.rev16_text), (4 bytes).
    Removing stm32f4xx_hal_tim.o(.revsh_text), (4 bytes).
    Removing stm32f4xx_hal_tim.o(.rrx_text), (6 bytes).
    Removing stm32f4xx_hal_tim_ex.o(.rev16_text), (4 bytes).
    Removing stm32f4xx_hal_tim_ex.o(.revsh_text), (4 bytes).
    Removing stm32f4xx_hal_tim_ex.o(.rrx_text), (6 bytes).
    Removing system_stm32f4xx.o(.rev16_text), (4 bytes).
    Removing system_stm32f4xx.o(.revsh_text), (4 bytes).
    Removing system_stm32f4xx.o(.rrx_text), (6 bytes).
    Removing system_stm32f4xx.o(i.SystemCoreClockUpdate), (124 bytes).
    Removing system_stm32f4xx.o(.constdata), (8 bytes).

304 unused section(s) (total 22048 bytes) removed from the image.

==============================================================================

Image Symbol Table

    Local Symbols

    Symbol Name                              Value     Ov Type        Size  Object(Section)

    ../Core/Src/main.c                       0x00000000   Number         0  main.o ABSOLUTE
    ../Core/Src/stm32f4xx_hal_msp.c          0x00000000   Number         0  stm32f4xx_hal_msp.o ABSOLUTE
    ../Core/Src/stm32f4xx_it.c               0x00000000   Number         0  stm32f4xx_it.o ABSOLUTE
    ../Core/Src/system_stm32f4xx.c           0x00000000   Number         0  system_stm32f4xx.o ABSOLUTE
    ../Drivers/STM32F4xx_HAL_Driver/Src/stm32f4xx_hal.c 0x00000000   Number         0  stm32f4xx_hal.o ABSOLUTE
    ../Drivers/STM32F4xx_HAL_Driver/Src/stm32f4xx_hal_cortex.c 0x00000000   Number         0  stm32f4xx_hal_cortex.o ABSOLUTE
    ../Drivers/STM32F4xx_HAL_Driver/Src/stm32f4xx_hal_dma.c 0x00000000   Number         0  stm32f4xx_hal_dma.o ABSOLUTE
    ../Drivers/STM32F4xx_HAL_Driver/Src/stm32f4xx_hal_dma_ex.c 0x00000000   Number         0  stm32f4xx_hal_dma_ex.o ABSOLUTE
    ../Drivers/STM32F4xx_HAL_Driver/Src/stm32f4xx_hal_exti.c 0x00000000   Number         0  stm32f4xx_hal_exti.o ABSOLUTE
    ../Drivers/STM32F4xx_HAL_Driver/Src/stm32f4xx_hal_flash.c 0x00000000   Number         0  stm32f4xx_hal_flash.o ABSOLUTE
    ../Drivers/STM32F4xx_HAL_Driver/Src/stm32f4xx_hal_flash_ex.c 0x00000000   Number         0  stm32f4xx_hal_flash_ex.o ABSOLUTE
    ../Drivers/STM32F4xx_HAL_Driver/Src/stm32f4xx_hal_flash_ramfunc.c 0x00000000   Number         0  stm32f4xx_hal_flash_ramfunc.o ABSOLUTE
    ../Drivers/STM32F4xx_HAL_Driver/Src/stm32f4xx_hal_gpio.c 0x00000000   Number         0  stm32f4xx_hal_gpio.o ABSOLUTE
    ../Drivers/STM32F4xx_HAL_Driver/Src/stm32f4xx_hal_pwr.c 0x00000000   Number         0  stm32f4xx_hal_pwr.o ABSOLUTE
    ../Drivers/STM32F4xx_HAL_Driver/Src/stm32f4xx_hal_pwr_ex.c 0x00000000   Number         0  stm32f4xx_hal_pwr_ex.o ABSOLUTE
    ../Drivers/STM32F4xx_HAL_Driver/Src/stm32f4xx_hal_rcc.c 0x00000000   Number         0  stm32f4xx_hal_rcc.o ABSOLUTE
    ../Drivers/STM32F4xx_HAL_Driver/Src/stm32f4xx_hal_rcc_ex.c 0x00000000   Number         0  stm32f4xx_hal_rcc_ex.o ABSOLUTE
    ../Drivers/STM32F4xx_HAL_Driver/Src/stm32f4xx_hal_spi.c 0x00000000   Number         0  stm32f4xx_hal_spi.o ABSOLUTE
    ../Drivers/STM32F4xx_HAL_Driver/Src/stm32f4xx_hal_tim.c 0x00000000   Number         0  stm32f4xx_hal_tim.o ABSOLUTE
    ../Drivers/STM32F4xx_HAL_Driver/Src/stm32f4xx_hal_tim_ex.c 0x00000000   Number         0  stm32f4xx_hal_tim_ex.o ABSOLUTE
    ../clib/angel/boardlib.s                 0x00000000   Number         0  boardinit3.o ABSOLUTE
    ../clib/angel/boardlib.s                 0x00000000   Number         0  boardinit2.o ABSOLUTE
    ../clib/angel/boardlib.s                 0x00000000   Number         0  boardinit1.o ABSOLUTE
    ../clib/angel/boardlib.s                 0x00000000   Number         0  boardshut.o ABSOLUTE
    ../clib/angel/handlers.s                 0x00000000   Number         0  __scatter_copy.o ABSOLUTE
    ../clib/angel/handlers.s                 0x00000000   Number         0  __scatter_zi.o ABSOLUTE
    ../clib/angel/kernel.s                   0x00000000   Number         0  rtexit.o ABSOLUTE
    ../clib/angel/kernel.s                   0x00000000   Number         0  rtexit2.o ABSOLUTE
    ../clib/angel/kernel.s                   0x00000000   Number         0  __rtentry2.o ABSOLUTE
    ../clib/angel/kernel.s                   0x00000000   Number         0  __rtentry.o ABSOLUTE
    ../clib/angel/kernel.s                   0x00000000   Number         0  __rtentry4.o ABSOLUTE
    ../clib/angel/rt.s                       0x00000000   Number         0  aeabi_ldiv0.o ABSOLUTE
    ../clib/angel/rt.s                       0x00000000   Number         0  aeabi_ldiv0_sigfpe.o ABSOLUTE
    ../clib/angel/rt.s                       0x00000000   Number         0  rt_div0.o ABSOLUTE
    ../clib/angel/rt.s                       0x00000000   Number         0  rt_raise.o ABSOLUTE
    ../clib/angel/scatter.s                  0x00000000   Number         0  __scatter.o ABSOLUTE
    ../clib/angel/startup.s                  0x00000000   Number         0  __main.o ABSOLUTE
    ../clib/angel/sys.s                      0x00000000   Number         0  use_no_semi.o ABSOLUTE
    ../clib/angel/sys.s                      0x00000000   Number         0  sys_stackheap_outer.o ABSOLUTE
    ../clib/angel/sys.s                      0x00000000   Number         0  libspace.o ABSOLUTE
    ../clib/angel/sys.s                      0x00000000   Number         0  indicate_semi.o ABSOLUTE
    ../clib/angel/sysapp.c                   0x00000000   Number         0  sys_command.o ABSOLUTE
    ../clib/angel/sysapp.c                   0x00000000   Number         0  sys_exit.o ABSOLUTE
    ../clib/angel/sysapp.c                   0x00000000   Number         0  sys_wrch.o ABSOLUTE
    ../clib/armsys.c                         0x00000000   Number         0  argv_veneer.o ABSOLUTE
    ../clib/armsys.c                         0x00000000   Number         0  _get_argv_nomalloc.o ABSOLUTE
    ../clib/armsys.c                         0x00000000   Number         0  no_argv.o ABSOLUTE
    ../clib/armsys.c                         0x00000000   Number         0  argv_veneer.o ABSOLUTE
    ../clib/heapalloc.c                      0x00000000   Number         0  hrguard.o ABSOLUTE
    ../clib/heapaux.c                        0x00000000   Number         0  heapauxi.o ABSOLUTE
    ../clib/libinit.s                        0x00000000   Number         0  libshutdown.o ABSOLUTE
    ../clib/libinit.s                        0x00000000   Number         0  libshutdown2.o ABSOLUTE
    ../clib/libinit.s                        0x00000000   Number         0  libinit2.o ABSOLUTE
    ../clib/libinit.s                        0x00000000   Number         0  libinit.o ABSOLUTE
    ../clib/longlong.s                       0x00000000   Number         0  lludivv7m.o ABSOLUTE
    ../clib/memcpset.s                       0x00000000   Number         0  rt_memclr_w.o ABSOLUTE
    ../clib/printf.c                         0x00000000   Number         0  _printf_char_common.o ABSOLUTE
    ../clib/printf.c                         0x00000000   Number         0  _printf_intcommon.o ABSOLUTE
    ../clib/printf.c                         0x00000000   Number         0  __printf_flags_ss_wp.o ABSOLUTE
    ../clib/printf.c                         0x00000000   Number         0  __printf_ss_wp.o ABSOLUTE
    ../clib/printf.c                         0x00000000   Number         0  __printf_flags_wp.o ABSOLUTE
    ../clib/printf.c                         0x00000000   Number         0  __printf_wp.o ABSOLUTE
    ../clib/printf.c                         0x00000000   Number         0  __printf_flags_ss.o ABSOLUTE
    ../clib/printf.c                         0x00000000   Number         0  __printf_ss.o ABSOLUTE
    ../clib/printf.c                         0x00000000   Number         0  __printf_flags.o ABSOLUTE
    ../clib/printf.c                         0x00000000   Number         0  _printf_dec.o ABSOLUTE
    ../clib/printf.c                         0x00000000   Number         0  __printf.o ABSOLUTE
    ../clib/printf.c                         0x00000000   Number         0  noretval__2sprintf.o ABSOLUTE
    ../clib/printf.c                         0x00000000   Number         0  __2sprintf.o ABSOLUTE
    ../clib/printf.c                         0x00000000   Number         0  _sputc.o ABSOLUTE
    ../clib/printf.c                         0x00000000   Number         0  __printf_nopercent.o ABSOLUTE
    ../clib/printf_percent.s                 0x00000000   Number         0  _printf_percent.o ABSOLUTE
    ../clib/printf_percent.s                 0x00000000   Number         0  _printf_d.o ABSOLUTE
    ../clib/printf_percent.s                 0x00000000   Number         0  _printf_percent_end.o ABSOLUTE
    ../clib/signal.c                         0x00000000   Number         0  defsig_segv_inner.o ABSOLUTE
    ../clib/signal.c                         0x00000000   Number         0  defsig_cppl_inner.o ABSOLUTE
    ../clib/signal.c                         0x00000000   Number         0  defsig_stak_inner.o ABSOLUTE
    ../clib/signal.c                         0x00000000   Number         0  defsig_rtmem_formal.o ABSOLUTE
    ../clib/signal.c                         0x00000000   Number         0  defsig_rtmem_outer.o ABSOLUTE
    ../clib/signal.c                         0x00000000   Number         0  defsig_exit.o ABSOLUTE
    ../clib/signal.c                         0x00000000   Number         0  defsig_fpe_inner.o ABSOLUTE
    ../clib/signal.c                         0x00000000   Number         0  defsig_rtmem_inner.o ABSOLUTE
    ../clib/signal.c                         0x00000000   Number         0  defsig_rtred_inner.o ABSOLUTE
    ../clib/signal.c                         0x00000000   Number         0  defsig_abrt_inner.o ABSOLUTE
    ../clib/signal.c                         0x00000000   Number         0  __raise.o ABSOLUTE
    ../clib/signal.c                         0x00000000   Number         0  defsig_pvfn_inner.o ABSOLUTE
    ../clib/signal.c                         0x00000000   Number         0  defsig_fpe_formal.o ABSOLUTE
    ../clib/signal.c                         0x00000000   Number         0  defsig_fpe_outer.o ABSOLUTE
    ../clib/signal.c                         0x00000000   Number         0  defsig_other.o ABSOLUTE
    ../clib/signal.c                         0x00000000   Number         0  defsig_general.o ABSOLUTE
    ../clib/signal.s                         0x00000000   Number         0  defsig.o ABSOLUTE
    ../clib/stdlib.c                         0x00000000   Number         0  exit.o ABSOLUTE
    ../fplib/daddsub.s                       0x00000000   Number         0  daddsub_clz.o ABSOLUTE
    ../fplib/dcmpi.s                         0x00000000   Number         0  dcmpi.o ABSOLUTE
    ../fplib/ddiv.s                          0x00000000   Number         0  ddiv.o ABSOLUTE
    ../fplib/deqf.s                          0x00000000   Number         0  deqf.o ABSOLUTE
    ../fplib/dfix.s                          0x00000000   Number         0  dfix.o ABSOLUTE
    ../fplib/dflt.s                          0x00000000   Number         0  dflt_clz.o ABSOLUTE
    ../fplib/dmul.s                          0x00000000   Number         0  dmul.o ABSOLUTE
    ../fplib/dnaninf.s                       0x00000000   Number         0  dnaninf.o ABSOLUTE
    ../fplib/dretinf.s                       0x00000000   Number         0  dretinf.o ABSOLUTE
    ../fplib/fpinit.s                        0x00000000   Number         0  fpinit.o ABSOLUTE
    ../fplib/usenofp.s                       0x00000000   Number         0  usenofp.o ABSOLUTE
    ..\Core\Src\Accelerometer.c              0x00000000   Number         0  accelerometer.o ABSOLUTE
    ..\Core\Src\DES.c                        0x00000000   Number         0  des.o ABSOLUTE
    ..\Core\Src\DisplayData.c                0x00000000   Number         0  displaydata.o ABSOLUTE
    ..\Core\Src\Gyro.c                       0x00000000   Number         0  gyro.o ABSOLUTE
    ..\Core\Src\StringUtilities.c            0x00000000   Number         0  stringutilities.o ABSOLUTE
    ..\Core\Src\UART.c                       0x00000000   Number         0  uart.o ABSOLUTE
    ..\Core\Src\font.c                       0x00000000   Number         0  font.o ABSOLUTE
    ..\Core\Src\lcd.c                        0x00000000   Number         0  lcd.o ABSOLUTE
    ..\Core\Src\main.c                       0x00000000   Number         0  main.o ABSOLUTE
    ..\Core\Src\stimer.c                     0x00000000   Number         0  stimer.o ABSOLUTE
    ..\Core\Src\stm32f4xx_hal_msp.c          0x00000000   Number         0  stm32f4xx_hal_msp.o ABSOLUTE
    ..\Core\Src\stm32f4xx_it.c               0x00000000   Number         0  stm32f4xx_it.o ABSOLUTE
    ..\Core\Src\system.c                     0x00000000   Number         0  system.o ABSOLUTE
    ..\Core\Src\system_stm32f4xx.c           0x00000000   Number         0  system_stm32f4xx.o ABSOLUTE
    ..\Drivers\STM32F4xx_HAL_Driver\Src\stm32f4xx_hal.c 0x00000000   Number         0  stm32f4xx_hal.o ABSOLUTE
    ..\Drivers\STM32F4xx_HAL_Driver\Src\stm32f4xx_hal_cortex.c 0x00000000   Number         0  stm32f4xx_hal_cortex.o ABSOLUTE
    ..\Drivers\STM32F4xx_HAL_Driver\Src\stm32f4xx_hal_dma.c 0x00000000   Number         0  stm32f4xx_hal_dma.o ABSOLUTE
    ..\Drivers\STM32F4xx_HAL_Driver\Src\stm32f4xx_hal_dma_ex.c 0x00000000   Number         0  stm32f4xx_hal_dma_ex.o ABSOLUTE
    ..\Drivers\STM32F4xx_HAL_Driver\Src\stm32f4xx_hal_exti.c 0x00000000   Number         0  stm32f4xx_hal_exti.o ABSOLUTE
    ..\Drivers\STM32F4xx_HAL_Driver\Src\stm32f4xx_hal_flash.c 0x00000000   Number         0  stm32f4xx_hal_flash.o ABSOLUTE
    ..\Drivers\STM32F4xx_HAL_Driver\Src\stm32f4xx_hal_flash_ex.c 0x00000000   Number         0  stm32f4xx_hal_flash_ex.o ABSOLUTE
    ..\Drivers\STM32F4xx_HAL_Driver\Src\stm32f4xx_hal_flash_ramfunc.c 0x00000000   Number         0  stm32f4xx_hal_flash_ramfunc.o ABSOLUTE
    ..\Drivers\STM32F4xx_HAL_Driver\Src\stm32f4xx_hal_gpio.c 0x00000000   Number         0  stm32f4xx_hal_gpio.o ABSOLUTE
    ..\Drivers\STM32F4xx_HAL_Driver\Src\stm32f4xx_hal_pwr.c 0x00000000   Number         0  stm32f4xx_hal_pwr.o ABSOLUTE
    ..\Drivers\STM32F4xx_HAL_Driver\Src\stm32f4xx_hal_pwr_ex.c 0x00000000   Number         0  stm32f4xx_hal_pwr_ex.o ABSOLUTE
    ..\Drivers\STM32F4xx_HAL_Driver\Src\stm32f4xx_hal_rcc.c 0x00000000   Number         0  stm32f4xx_hal_rcc.o ABSOLUTE
    ..\Drivers\STM32F4xx_HAL_Driver\Src\stm32f4xx_hal_rcc_ex.c 0x00000000   Number         0  stm32f4xx_hal_rcc_ex.o ABSOLUTE
    ..\Drivers\STM32F4xx_HAL_Driver\Src\stm32f4xx_hal_spi.c 0x00000000   Number         0  stm32f4xx_hal_spi.o ABSOLUTE
    ..\Drivers\STM32F4xx_HAL_Driver\Src\stm32f4xx_hal_tim.c 0x00000000   Number         0  stm32f4xx_hal_tim.o ABSOLUTE
    ..\Drivers\STM32F4xx_HAL_Driver\Src\stm32f4xx_hal_tim_ex.c 0x00000000   Number         0  stm32f4xx_hal_tim_ex.o ABSOLUTE
    ..\\Core\\Src\\DES.c                     0x00000000   Number         0  des.o ABSOLUTE
    ..\\Core\\Src\\lcd.c                     0x00000000   Number         0  lcd.o ABSOLUTE
    ..\\Core\\Src\\stimer.c                  0x00000000   Number         0  stimer.o ABSOLUTE
    ..\\Core\\Src\\system.c                  0x00000000   Number         0  system.o ABSOLUTE
    dc.s                                     0x00000000   Number         0  dc.o ABSOLUTE
    startup_stm32f411xe.s                    0x00000000   Number         0  startup_stm32f411xe.o ABSOLUTE
    RESET                                    0x08000000   Section      408  startup_stm32f411xe.o(RESET)
    !!!main                                  0x08000198   Section        8  __main.o(!!!main)
    !!!scatter                               0x080001a0   Section       52  __scatter.o(!!!scatter)
    !!handler_copy                           0x080001d4   Section       26  __scatter_copy.o(!!handler_copy)
    !!handler_zi                             0x080001f0   Section       28  __scatter_zi.o(!!handler_zi)
    .ARM.Collect$$_printf_percent$$00000000  0x0800020c   Section        0  _printf_percent.o(.ARM.Collect$$_printf_percent$$00000000)
    .ARM.Collect$$_printf_percent$$00000009  0x0800020c   Section        6  _printf_d.o(.ARM.Collect$$_printf_percent$$00000009)
    .ARM.Collect$$_printf_percent$$00000017  0x08000212   Section        4  _printf_percent_end.o(.ARM.Collect$$_printf_percent$$00000017)
    .ARM.Collect$$libinit$$00000000          0x08000216   Section        2  libinit.o(.ARM.Collect$$libinit$$00000000)
    .ARM.Collect$$libinit$$00000001          0x08000218   Section        4  libinit2.o(.ARM.Collect$$libinit$$00000001)
    .ARM.Collect$$libinit$$00000004          0x0800021c   Section        0  libinit2.o(.ARM.Collect$$libinit$$00000004)
    .ARM.Collect$$libinit$$0000000A          0x0800021c   Section        0  libinit2.o(.ARM.Collect$$libinit$$0000000A)
    .ARM.Collect$$libinit$$0000000C          0x0800021c   Section        0  libinit2.o(.ARM.Collect$$libinit$$0000000C)
    .ARM.Collect$$libinit$$0000000E          0x0800021c   Section        0  libinit2.o(.ARM.Collect$$libinit$$0000000E)
    .ARM.Collect$$libinit$$00000011          0x0800021c   Section        0  libinit2.o(.ARM.Collect$$libinit$$00000011)
    .ARM.Collect$$libinit$$00000013          0x0800021c   Section        0  libinit2.o(.ARM.Collect$$libinit$$00000013)
    .ARM.Collect$$libinit$$00000015          0x0800021c   Section        0  libinit2.o(.ARM.Collect$$libinit$$00000015)
    .ARM.Collect$$libinit$$00000017          0x0800021c   Section        0  libinit2.o(.ARM.Collect$$libinit$$00000017)
    .ARM.Collect$$libinit$$00000019          0x0800021c   Section        0  libinit2.o(.ARM.Collect$$libinit$$00000019)
    .ARM.Collect$$libinit$$0000001B          0x0800021c   Section        0  libinit2.o(.ARM.Collect$$libinit$$0000001B)
    .ARM.Collect$$libinit$$0000001D          0x0800021c   Section        0  libinit2.o(.ARM.Collect$$libinit$$0000001D)
    .ARM.Collect$$libinit$$0000001F          0x0800021c   Section        0  libinit2.o(.ARM.Collect$$libinit$$0000001F)
    .ARM.Collect$$libinit$$00000021          0x0800021c   Section        0  libinit2.o(.ARM.Collect$$libinit$$00000021)
    .ARM.Collect$$libinit$$00000023          0x0800021c   Section        0  libinit2.o(.ARM.Collect$$libinit$$00000023)
    .ARM.Collect$$libinit$$00000025          0x0800021c   Section        0  libinit2.o(.ARM.Collect$$libinit$$00000025)
    .ARM.Collect$$libinit$$0000002C          0x0800021c   Section        0  libinit2.o(.ARM.Collect$$libinit$$0000002C)
    .ARM.Collect$$libinit$$0000002E          0x0800021c   Section        0  libinit2.o(.ARM.Collect$$libinit$$0000002E)
    .ARM.Collect$$libinit$$00000030          0x0800021c   Section        0  libinit2.o(.ARM.Collect$$libinit$$00000030)
    .ARM.Collect$$libinit$$00000032          0x0800021c   Section        0  libinit2.o(.ARM.Collect$$libinit$$00000032)
    .ARM.Collect$$libinit$$00000033          0x0800021c   Section        2  libinit2.o(.ARM.Collect$$libinit$$00000033)
    .ARM.Collect$$libshutdown$$00000000      0x0800021e   Section        2  libshutdown.o(.ARM.Collect$$libshutdown$$00000000)
    .ARM.Collect$$libshutdown$$00000002      0x08000220   Section        0  libshutdown2.o(.ARM.Collect$$libshutdown$$00000002)
    .ARM.Collect$$libshutdown$$00000004      0x08000220   Section        0  libshutdown2.o(.ARM.Collect$$libshutdown$$00000004)
    .ARM.Collect$$libshutdown$$00000007      0x08000220   Section        0  libshutdown2.o(.ARM.Collect$$libshutdown$$00000007)
    .ARM.Collect$$libshutdown$$0000000A      0x08000220   Section        0  libshutdown2.o(.ARM.Collect$$libshutdown$$0000000A)
    .ARM.Collect$$libshutdown$$0000000C      0x08000220   Section        0  libshutdown2.o(.ARM.Collect$$libshutdown$$0000000C)
    .ARM.Collect$$libshutdown$$0000000F      0x08000220   Section        0  libshutdown2.o(.ARM.Collect$$libshutdown$$0000000F)
    .ARM.Collect$$libshutdown$$00000010      0x08000220   Section        2  libshutdown2.o(.ARM.Collect$$libshutdown$$00000010)
    .ARM.Collect$$rtentry$$00000000          0x08000222   Section        0  __rtentry.o(.ARM.Collect$$rtentry$$00000000)
    .ARM.Collect$$rtentry$$00000002          0x08000222   Section        0  __rtentry2.o(.ARM.Collect$$rtentry$$00000002)
    .ARM.Collect$$rtentry$$00000004          0x08000222   Section        6  __rtentry4.o(.ARM.Collect$$rtentry$$00000004)
    .ARM.Collect$$rtentry$$00000009          0x08000228   Section        0  __rtentry2.o(.ARM.Collect$$rtentry$$00000009)
    .ARM.Collect$$rtentry$$0000000A          0x08000228   Section        4  __rtentry2.o(.ARM.Collect$$rtentry$$0000000A)
    .ARM.Collect$$rtentry$$0000000C          0x0800022c   Section        0  __rtentry2.o(.ARM.Collect$$rtentry$$0000000C)
    .ARM.Collect$$rtentry$$0000000D          0x0800022c   Section        8  __rtentry2.o(.ARM.Collect$$rtentry$$0000000D)
    .ARM.Collect$$rtexit$$00000000           0x08000234   Section        2  rtexit.o(.ARM.Collect$$rtexit$$00000000)
    .ARM.Collect$$rtexit$$00000002           0x08000236   Section        0  rtexit2.o(.ARM.Collect$$rtexit$$00000002)
    .ARM.Collect$$rtexit$$00000003           0x08000236   Section        4  rtexit2.o(.ARM.Collect$$rtexit$$00000003)
    .ARM.Collect$$rtexit$$00000004           0x0800023a   Section        6  rtexit2.o(.ARM.Collect$$rtexit$$00000004)
    .text                                    0x08000240   Section       64  startup_stm32f411xe.o(.text)
    $v0                                      0x08000240   Number         0  startup_stm32f411xe.o(.text)
    .text                                    0x08000280   Section      238  lludivv7m.o(.text)
    .text                                    0x08000370   Section        0  noretval__2sprintf.o(.text)
    .text                                    0x08000398   Section        0  __printf.o(.text)
    .text                                    0x08000400   Section        0  _printf_dec.o(.text)
    .text                                    0x08000478   Section       78  rt_memclr_w.o(.text)
    .text                                    0x080004c6   Section        0  heapauxi.o(.text)
    .text                                    0x080004cc   Section        0  _printf_intcommon.o(.text)
    .text                                    0x08000580   Section        0  _printf_char_common.o(.text)
    _printf_input_char                       0x08000581   Thumb Code    10  _printf_char_common.o(.text)
    .text                                    0x080005b0   Section        0  _sputc.o(.text)
    .text                                    0x080005ba   Section       74  sys_stackheap_outer.o(.text)
    .text                                    0x08000604   Section        0  exit.o(.text)
    .text                                    0x08000618   Section        8  libspace.o(.text)
    .text                                    0x08000620   Section        0  sys_exit.o(.text)
    .text                                    0x0800062c   Section        2  use_no_semi.o(.text)
    .text                                    0x0800062e   Section        0  indicate_semi.o(.text)
    i.AccelerometerInit                      0x08000630   Section        0  accelerometer.o(i.AccelerometerInit)
    i.BusFault_Handler                       0x080006e4   Section        0  stm32f4xx_it.o(i.BusFault_Handler)
    i.DMA1_Stream6_IRQHandler                0x080006e8   Section        0  uart.o(i.DMA1_Stream6_IRQHandler)
    i.DebugMon_Handler                       0x0800070c   Section        0  stm32f4xx_it.o(i.DebugMon_Handler)
    i.DisplayAxisValue                       0x08000710   Section        0  displaydata.o(i.DisplayAxisValue)
    i.DisplayAxisValues                      0x08000734   Section        0  displaydata.o(i.DisplayAxisValues)
    i.DisplayIntegerValue                    0x0800078c   Section        0  displaydata.o(i.DisplayIntegerValue)
    i.GetAccelerometerValues                 0x080007c4   Section        0  accelerometer.o(i.GetAccelerometerValues)
    i.GetAxisValue                           0x0800080c   Section        0  gyro.o(i.GetAxisValue)
    i.GetGyroValues                          0x08000844   Section        0  gyro.o(i.GetGyroValues)
    i.GyroInit                               0x0800086c   Section        0  gyro.o(i.GyroInit)
    i.HAL_Delay                              0x080008fc   Section        0  stm32f4xx_hal.o(i.HAL_Delay)
    i.HAL_GPIO_Init                          0x08000920   Section        0  stm32f4xx_hal_gpio.o(i.HAL_GPIO_Init)
    i.HAL_GPIO_WritePin                      0x08000b00   Section        0  stm32f4xx_hal_gpio.o(i.HAL_GPIO_WritePin)
    i.HAL_GetTick                            0x08000b0c   Section        0  stm32f4xx_hal.o(i.HAL_GetTick)
    i.HAL_IncTick                            0x08000b18   Section        0  stm32f4xx_hal.o(i.HAL_IncTick)
    i.HAL_Init                               0x08000b28   Section        0  stm32f4xx_hal.o(i.HAL_Init)
    i.HAL_InitTick                           0x08000b5c   Section        0  stm32f4xx_hal.o(i.HAL_InitTick)
    i.HAL_MspInit                            0x08000b9c   Section        0  stm32f4xx_hal_msp.o(i.HAL_MspInit)
    i.HAL_NVIC_SetPriority                   0x08000bcc   Section        0  stm32f4xx_hal_cortex.o(i.HAL_NVIC_SetPriority)
    i.HAL_NVIC_SetPriorityGrouping           0x08000c0c   Section        0  stm32f4xx_hal_cortex.o(i.HAL_NVIC_SetPriorityGrouping)
    i.HAL_RCC_ClockConfig                    0x08000c30   Section        0  stm32f4xx_hal_rcc.o(i.HAL_RCC_ClockConfig)
    i.HAL_RCC_GetSysClockFreq                0x08000d64   Section        0  stm32f4xx_hal_rcc.o(i.HAL_RCC_GetSysClockFreq)
    i.HAL_RCC_OscConfig                      0x08000dc8   Section        0  stm32f4xx_hal_rcc.o(i.HAL_RCC_OscConfig)
    i.HAL_SPI_Init                           0x08001134   Section        0  stm32f4xx_hal_spi.o(i.HAL_SPI_Init)
    i.HAL_SPI_MspInit                        0x080011f0   Section        0  stm32f4xx_hal_msp.o(i.HAL_SPI_MspInit)
    i.HAL_SPI_Transmit                       0x08001280   Section        0  stm32f4xx_hal_spi.o(i.HAL_SPI_Transmit)
    i.HAL_SYSTICK_Config                     0x080013e6   Section        0  stm32f4xx_hal_cortex.o(i.HAL_SYSTICK_Config)
    i.HardFault_Handler                      0x0800140e   Section        0  stm32f4xx_it.o(i.HardFault_Handler)
    i.I2CDisableAcknowledge                  0x08001410   Section        0  accelerometer.o(i.I2CDisableAcknowledge)
    i.I2CEnableAcknowledge                   0x08001420   Section        0  accelerometer.o(i.I2CEnableAcknowledge)
    i.I2CGetData                             0x08001430   Section        0  accelerometer.o(i.I2CGetData)
    i.I2CSendRegister                        0x08001448   Section        0  accelerometer.o(i.I2CSendRegister)
    i.I2CSendSlaveAddress                    0x08001464   Section        0  accelerometer.o(i.I2CSendSlaveAddress)
    i.I2CStartRestart                        0x08001488   Section        0  accelerometer.o(i.I2CStartRestart)
    i.I2CStop                                0x08001498   Section        0  accelerometer.o(i.I2CStop)
    i.I2CWaitIfBusy                          0x080014a8   Section        0  accelerometer.o(i.I2CWaitIfBusy)
    i.I2CWriteByte                           0x080014b8   Section        0  accelerometer.o(i.I2CWriteByte)
    i.ILI9341_DrawLine                       0x080014cc   Section        0  lcd.o(i.ILI9341_DrawLine)
    i.ILI9341_DrawPixel                      0x08001568   Section        0  lcd.o(i.ILI9341_DrawPixel)
    i.ILI9341_FillRectangle                  0x080015a8   Section        0  lcd.o(i.ILI9341_FillRectangle)
    i.ILI9341_FillScreen                     0x08001648   Section        0  lcd.o(i.ILI9341_FillScreen)
    i.ILI9341_Init                           0x0800165c   Section        0  lcd.o(i.ILI9341_Init)
    i.ILI9341_Select                         0x08001898   Section        0  lcd.o(i.ILI9341_Select)
    ILI9341_Select                           0x08001899   Thumb Code    12  lcd.o(i.ILI9341_Select)
    i.ILI9341_SetAddressWindow               0x080018a8   Section        0  lcd.o(i.ILI9341_SetAddressWindow)
    ILI9341_SetAddressWindow                 0x080018a9   Thumb Code    88  lcd.o(i.ILI9341_SetAddressWindow)
    i.ILI9341_Unselect                       0x08001900   Section        0  lcd.o(i.ILI9341_Unselect)
    i.ILI9341_WriteChar                      0x08001910   Section        0  lcd.o(i.ILI9341_WriteChar)
    ILI9341_WriteChar                        0x08001911   Thumb Code   140  lcd.o(i.ILI9341_WriteChar)
    i.ILI9341_WriteCommand                   0x0800199c   Section        0  lcd.o(i.ILI9341_WriteCommand)
    ILI9341_WriteCommand                     0x0800199d   Thumb Code    30  lcd.o(i.ILI9341_WriteCommand)
    i.ILI9341_WriteData                      0x080019c4   Section        0  lcd.o(i.ILI9341_WriteData)
    ILI9341_WriteData                        0x080019c5   Thumb Code    64  lcd.o(i.ILI9341_WriteData)
    i.ILI9341_WriteString                    0x08001a0c   Section        0  lcd.o(i.ILI9341_WriteString)
    i.IntegerToString                        0x08001a6c   Section        0  stringutilities.o(i.IntegerToString)
    i.MX_GPIO_Init                           0x08001ac4   Section        0  main.o(i.MX_GPIO_Init)
    MX_GPIO_Init                             0x08001ac5   Thumb Code   118  main.o(i.MX_GPIO_Init)
    i.MX_SPI2_Init                           0x08001b44   Section        0  main.o(i.MX_SPI2_Init)
    MX_SPI2_Init                             0x08001b45   Thumb Code    56  main.o(i.MX_SPI2_Init)
    i.MemManage_Handler                      0x08001b84   Section        0  stm32f4xx_it.o(i.MemManage_Handler)
    i.NMI_Handler                            0x08001b86   Section        0  stm32f4xx_it.o(i.NMI_Handler)
    i.PendSV_Handler                         0x08001b88   Section        0  stm32f4xx_it.o(i.PendSV_Handler)
    i.ReadFromAccelerometer                  0x08001b8a   Section        0  accelerometer.o(i.ReadFromAccelerometer)
    i.ReadFromGyro                           0x08001bc0   Section        0  gyro.o(i.ReadFromGyro)
    i.SPI_EndRxTxTransaction                 0x08001c08   Section        0  stm32f4xx_hal_spi.o(i.SPI_EndRxTxTransaction)
    SPI_EndRxTxTransaction                   0x08001c09   Thumb Code    80  stm32f4xx_hal_spi.o(i.SPI_EndRxTxTransaction)
    i.SPI_WaitFlagStateUntilTimeout          0x08001c60   Section        0  stm32f4xx_hal_spi.o(i.SPI_WaitFlagStateUntilTimeout)
    SPI_WaitFlagStateUntilTimeout            0x08001c61   Thumb Code   180  stm32f4xx_hal_spi.o(i.SPI_WaitFlagStateUntilTimeout)
    i.SVC_Handler                            0x08001d18   Section        0  stm32f4xx_it.o(i.SVC_Handler)
    i.SendString                             0x08001d1c   Section        0  uart.o(i.SendString)
    i.SysTick_Handler                        0x08001d90   Section        0  stm32f4xx_it.o(i.SysTick_Handler)
    i.SystemClock_Config                     0x08001d94   Section        0  main.o(i.SystemClock_Config)
    i.SystemInit                             0x08001e10   Section        0  system_stm32f4xx.o(i.SystemInit)
    i.USART2_IRQHandler                      0x08001e20   Section        0  uart.o(i.USART2_IRQHandler)
    i.UartDmaInit                            0x08001e44   Section        0  uart.o(i.UartDmaInit)
    i.UartGpioInit                           0x08001e78   Section        0  uart.o(i.UartGpioInit)
    i.UartInit                               0x08001ea8   Section        0  uart.o(i.UartInit)
    i.UsageFault_Handler                     0x08001ef0   Section        0  stm32f4xx_it.o(i.UsageFault_Handler)
    i.WaitForSPI1RXReady                     0x08001ef4   Section        0  gyro.o(i.WaitForSPI1RXReady)
    i.WaitForSPI1TXReady                     0x08001f04   Section        0  gyro.o(i.WaitForSPI1TXReady)
    i.WriteToAccelerometer                   0x08001f14   Section        0  accelerometer.o(i.WriteToAccelerometer)
    i.WriteToGyro                            0x08001f3c   Section        0  gyro.o(i.WriteToGyro)
    i.__NVIC_SetPriority                     0x08001f78   Section        0  stm32f4xx_hal_cortex.o(i.__NVIC_SetPriority)
    __NVIC_SetPriority                       0x08001f79   Thumb Code    32  stm32f4xx_hal_cortex.o(i.__NVIC_SetPriority)
    i.convertINT                             0x08001f98   Section        0  des.o(i.convertINT)
    convertINT                               0x08001f99   Thumb Code   102  des.o(i.convertINT)
    i.displayHeaderScreen                    0x0800200c   Section        0  des.o(i.displayHeaderScreen)
    displayHeaderScreen                      0x0800200d   Thumb Code   188  des.o(i.displayHeaderScreen)
    i.displayValueScreen                     0x080020e8   Section        0  des.o(i.displayValueScreen)
    displayValueScreen                       0x080020e9   Thumb Code   228  des.o(i.displayValueScreen)
    i.getSysTickCount                        0x080021d4   Section        0  system.o(i.getSysTickCount)
    i.initAccelTask                          0x080021d8   Section        0  des.o(i.initAccelTask)
    i.initGyroTask                           0x080021f4   Section        0  des.o(i.initGyroTask)
    i.initLogDataTask                        0x08002210   Section        0  des.o(i.initLogDataTask)
    i.initScreenTask                         0x0800222c   Section        0  des.o(i.initScreenTask)
    i.main                                   0x08002250   Section        0  main.o(i.main)
    i.processTimerEvents                     0x08002278   Section        0  stimer.o(i.processTimerEvents)
    i.startAccel                             0x080022c0   Section        0  des.o(i.startAccel)
    startAccel                               0x080022c1   Thumb Code    46  des.o(i.startAccel)
    i.startGyro                              0x080022f8   Section        0  des.o(i.startGyro)
    startGyro                                0x080022f9   Thumb Code    46  des.o(i.startGyro)
    i.startLog                               0x08002330   Section        0  des.o(i.startLog)
    startLog                                 0x08002331   Thumb Code    38  des.o(i.startLog)
    i.startScreen                            0x08002368   Section        0  des.o(i.startScreen)
    startScreen                              0x08002369   Thumb Code    26  des.o(i.startScreen)
    i.startTimer                             0x08002388   Section        0  stimer.o(i.startTimer)
    x$fpl$fpinit                             0x080023e0   Section       10  fpinit.o(x$fpl$fpinit)
    $v0                                      0x080023e0   Number         0  fpinit.o(x$fpl$fpinit)
    .constdata                               0x080023ea   Section     4940  font.o(.constdata)
    Font16x26                                0x080023ea   Data        4940  font.o(.constdata)
    .constdata                               0x08003736   Section       16  system_stm32f4xx.o(.constdata)
    .conststring                             0x08003748   Section       72  stringutilities.o(.conststring)
    .data                                    0x20000000   Section        8  stimer.o(.data)
    param                                    0x20000000   Data           4  stimer.o(.data)
    callback                                 0x20000004   Data           4  stimer.o(.data)
    .data                                    0x20000008   Section        8  font.o(.data)
    .data                                    0x20000010   Section        4  uart.o(.data)
    .data                                    0x20000014   Section       20  des.o(.data)
    .data                                    0x20000028   Section       12  stm32f4xx_hal.o(.data)
    .data                                    0x20000034   Section        4  system_stm32f4xx.o(.data)
    .bss                                     0x20000038   Section      512  stimer.o(.bss)
    softTimer                                0x20000038   Data         512  stimer.o(.bss)
    .bss                                     0x20000238   Section       88  main.o(.bss)
    .bss                                     0x20000290   Section     2000  uart.o(.bss)
    .bss                                     0x20000a60   Section       60  des.o(.bss)
    .bss                                     0x20000a9c   Section       96  libspace.o(.bss)
    HEAP                                     0x20000b00   Section      512  startup_stm32f411xe.o(HEAP)
    Heap_Mem                                 0x20000b00   Data         512  startup_stm32f411xe.o(HEAP)
    STACK                                    0x20000d00   Section     1024  startup_stm32f411xe.o(STACK)
    Stack_Mem                                0x20000d00   Data        1024  startup_stm32f411xe.o(STACK)
    __initial_sp                             0x20001100   Data           0  startup_stm32f411xe.o(STACK)

    Global Symbols

    Symbol Name                              Value     Ov Type        Size  Object(Section)

    BuildAttributes$$THM_ISAv4$E$P$D$K$B$S$7EM$VFPi3$EXTD16$VFPS$VFMA$PE$A:L22UL41UL21$X:L11$S22US41US21$IEEE1$IW$USESV6$~STKCKD$USESV7$~SHL$OSPACE$ROPI$EBA8$UX$STANDARDLIB$REQ8$PRES8$EABIv2 0x00000000   Number         0  anon$$obj.o ABSOLUTE
    __ARM_use_no_argv                        0x00000000   Number         0  main.o ABSOLUTE
    __ARM_exceptions_init                     - Undefined Weak Reference
    __alloca_initialize                       - Undefined Weak Reference
    __arm_preinit_                            - Undefined Weak Reference
    __cpp_initialize__aeabi_                  - Undefined Weak Reference
    __cxa_finalize                            - Undefined Weak Reference
    __rt_locale                               - Undefined Weak Reference
    __sigvec_lookup                           - Undefined Weak Reference
    _atexit_init                              - Undefined Weak Reference
    _call_atexit_fns                          - Undefined Weak Reference
    _clock_init                               - Undefined Weak Reference
    _fp_trap_init                             - Undefined Weak Reference
    _fp_trap_shutdown                         - Undefined Weak Reference
    _get_lc_collate                           - Undefined Weak Reference
    _get_lc_ctype                             - Undefined Weak Reference
    _get_lc_monetary                          - Undefined Weak Reference
    _get_lc_numeric                           - Undefined Weak Reference
    _get_lc_time                              - Undefined Weak Reference
    _getenv_init                              - Undefined Weak Reference
    _handle_redirection                       - Undefined Weak Reference
    _init_alloc                               - Undefined Weak Reference
    _init_user_alloc                          - Undefined Weak Reference
    _initio                                   - Undefined Weak Reference
    _printf_post_padding                      - Undefined Weak Reference
    _printf_pre_padding                       - Undefined Weak Reference
    _printf_truncate_signed                   - Undefined Weak Reference
    _printf_truncate_unsigned                 - Undefined Weak Reference
    _rand_init                                - Undefined Weak Reference
    _signal_finish                            - Undefined Weak Reference
    _signal_init                              - Undefined Weak Reference
    _terminate_alloc                          - Undefined Weak Reference
    _terminate_user_alloc                     - Undefined Weak Reference
    _terminateio                              - Undefined Weak Reference
    __Vectors_Size                           0x00000198   Number         0  startup_stm32f411xe.o ABSOLUTE
    __Vectors                                0x08000000   Data           4  startup_stm32f411xe.o(RESET)
    __Vectors_End                            0x08000198   Data           0  startup_stm32f411xe.o(RESET)
    __main                                   0x08000199   Thumb Code     8  __main.o(!!!main)
    __scatterload                            0x080001a1   Thumb Code     0  __scatter.o(!!!scatter)
    __scatterload_rt2                        0x080001a1   Thumb Code    44  __scatter.o(!!!scatter)
    __scatterload_rt2_thumb_only             0x080001a1   Thumb Code     0  __scatter.o(!!!scatter)
    __scatterload_null                       0x080001af   Thumb Code     0  __scatter.o(!!!scatter)
    __scatterload_copy                       0x080001d5   Thumb Code    26  __scatter_copy.o(!!handler_copy)
    __scatterload_zeroinit                   0x080001f1   Thumb Code    28  __scatter_zi.o(!!handler_zi)
    _printf_d                                0x0800020d   Thumb Code     0  _printf_d.o(.ARM.Collect$$_printf_percent$$00000009)
    _printf_percent                          0x0800020d   Thumb Code     0  _printf_percent.o(.ARM.Collect$$_printf_percent$$00000000)
    _printf_percent_end                      0x08000213   Thumb Code     0  _printf_percent_end.o(.ARM.Collect$$_printf_percent$$00000017)
    __rt_lib_init                            0x08000217   Thumb Code     0  libinit.o(.ARM.Collect$$libinit$$00000000)
    __rt_lib_init_fp_1                       0x08000219   Thumb Code     0  libinit2.o(.ARM.Collect$$libinit$$00000001)
    __rt_lib_init_alloca_1                   0x0800021d   Thumb Code     0  libinit2.o(.ARM.Collect$$libinit$$0000002E)
    __rt_lib_init_argv_1                     0x0800021d   Thumb Code     0  libinit2.o(.ARM.Collect$$libinit$$0000002C)
    __rt_lib_init_atexit_1                   0x0800021d   Thumb Code     0  libinit2.o(.ARM.Collect$$libinit$$0000001B)
    __rt_lib_init_clock_1                    0x0800021d   Thumb Code     0  libinit2.o(.ARM.Collect$$libinit$$00000021)
    __rt_lib_init_cpp_1                      0x0800021d   Thumb Code     0  libinit2.o(.ARM.Collect$$libinit$$00000032)
    __rt_lib_init_exceptions_1               0x0800021d   Thumb Code     0  libinit2.o(.ARM.Collect$$libinit$$00000030)
    __rt_lib_init_fp_trap_1                  0x0800021d   Thumb Code     0  libinit2.o(.ARM.Collect$$libinit$$0000001F)
    __rt_lib_init_getenv_1                   0x0800021d   Thumb Code     0  libinit2.o(.ARM.Collect$$libinit$$00000023)
    __rt_lib_init_heap_1                     0x0800021d   Thumb Code     0  libinit2.o(.ARM.Collect$$libinit$$0000000A)
    __rt_lib_init_lc_collate_1               0x0800021d   Thumb Code     0  libinit2.o(.ARM.Collect$$libinit$$00000011)
    __rt_lib_init_lc_ctype_1                 0x0800021d   Thumb Code     0  libinit2.o(.ARM.Collect$$libinit$$00000013)
    __rt_lib_init_lc_monetary_1              0x0800021d   Thumb Code     0  libinit2.o(.ARM.Collect$$libinit$$00000015)
    __rt_lib_init_lc_numeric_1               0x0800021d   Thumb Code     0  libinit2.o(.ARM.Collect$$libinit$$00000017)
    __rt_lib_init_lc_time_1                  0x0800021d   Thumb Code     0  libinit2.o(.ARM.Collect$$libinit$$00000019)
    __rt_lib_init_preinit_1                  0x0800021d   Thumb Code     0  libinit2.o(.ARM.Collect$$libinit$$00000004)
    __rt_lib_init_rand_1                     0x0800021d   Thumb Code     0  libinit2.o(.ARM.Collect$$libinit$$0000000E)
    __rt_lib_init_return                     0x0800021d   Thumb Code     0  libinit2.o(.ARM.Collect$$libinit$$00000033)
    __rt_lib_init_signal_1                   0x0800021d   Thumb Code     0  libinit2.o(.ARM.Collect$$libinit$$0000001D)
    __rt_lib_init_stdio_1                    0x0800021d   Thumb Code     0  libinit2.o(.ARM.Collect$$libinit$$00000025)
    __rt_lib_init_user_alloc_1               0x0800021d   Thumb Code     0  libinit2.o(.ARM.Collect$$libinit$$0000000C)
    __rt_lib_shutdown                        0x0800021f   Thumb Code     0  libshutdown.o(.ARM.Collect$$libshutdown$$00000000)
    __rt_lib_shutdown_cpp_1                  0x08000221   Thumb Code     0  libshutdown2.o(.ARM.Collect$$libshutdown$$00000002)
    __rt_lib_shutdown_fp_trap_1              0x08000221   Thumb Code     0  libshutdown2.o(.ARM.Collect$$libshutdown$$00000007)
    __rt_lib_shutdown_heap_1                 0x08000221   Thumb Code     0  libshutdown2.o(.ARM.Collect$$libshutdown$$0000000F)
    __rt_lib_shutdown_return                 0x08000221   Thumb Code     0  libshutdown2.o(.ARM.Collect$$libshutdown$$00000010)
    __rt_lib_shutdown_signal_1               0x08000221   Thumb Code     0  libshutdown2.o(.ARM.Collect$$libshutdown$$0000000A)
    __rt_lib_shutdown_stdio_1                0x08000221   Thumb Code     0  libshutdown2.o(.ARM.Collect$$libshutdown$$00000004)
    __rt_lib_shutdown_user_alloc_1           0x08000221   Thumb Code     0  libshutdown2.o(.ARM.Collect$$libshutdown$$0000000C)
    __rt_entry                               0x08000223   Thumb Code     0  __rtentry.o(.ARM.Collect$$rtentry$$00000000)
    __rt_entry_presh_1                       0x08000223   Thumb Code     0  __rtentry2.o(.ARM.Collect$$rtentry$$00000002)
    __rt_entry_sh                            0x08000223   Thumb Code     0  __rtentry4.o(.ARM.Collect$$rtentry$$00000004)
    __rt_entry_li                            0x08000229   Thumb Code     0  __rtentry2.o(.ARM.Collect$$rtentry$$0000000A)
    __rt_entry_postsh_1                      0x08000229   Thumb Code     0  __rtentry2.o(.ARM.Collect$$rtentry$$00000009)
    __rt_entry_main                          0x0800022d   Thumb Code     0  __rtentry2.o(.ARM.Collect$$rtentry$$0000000D)
    __rt_entry_postli_1                      0x0800022d   Thumb Code     0  __rtentry2.o(.ARM.Collect$$rtentry$$0000000C)
    __rt_exit                                0x08000235   Thumb Code     0  rtexit.o(.ARM.Collect$$rtexit$$00000000)
    __rt_exit_ls                             0x08000237   Thumb Code     0  rtexit2.o(.ARM.Collect$$rtexit$$00000003)
    __rt_exit_prels_1                        0x08000237   Thumb Code     0  rtexit2.o(.ARM.Collect$$rtexit$$00000002)
    __rt_exit_exit                           0x0800023b   Thumb Code     0  rtexit2.o(.ARM.Collect$$rtexit$$00000004)
    Reset_Handler                            0x08000241   Thumb Code     8  startup_stm32f411xe.o(.text)
    ADC_IRQHandler                           0x0800025b   Thumb Code     0  startup_stm32f411xe.o(.text)
    DMA1_Stream0_IRQHandler                  0x0800025b   Thumb Code     0  startup_stm32f411xe.o(.text)
    DMA1_Stream1_IRQHandler                  0x0800025b   Thumb Code     0  startup_stm32f411xe.o(.text)
    DMA1_Stream2_IRQHandler                  0x0800025b   Thumb Code     0  startup_stm32f411xe.o(.text)
    DMA1_Stream3_IRQHandler                  0x0800025b   Thumb Code     0  startup_stm32f411xe.o(.text)
    DMA1_Stream4_IRQHandler                  0x0800025b   Thumb Code     0  startup_stm32f411xe.o(.text)
    DMA1_Stream5_IRQHandler                  0x0800025b   Thumb Code     0  startup_stm32f411xe.o(.text)
    DMA1_Stream7_IRQHandler                  0x0800025b   Thumb Code     0  startup_stm32f411xe.o(.text)
    DMA2_Stream0_IRQHandler                  0x0800025b   Thumb Code     0  startup_stm32f411xe.o(.text)
    DMA2_Stream1_IRQHandler                  0x0800025b   Thumb Code     0  startup_stm32f411xe.o(.text)
    DMA2_Stream2_IRQHandler                  0x0800025b   Thumb Code     0  startup_stm32f411xe.o(.text)
    DMA2_Stream3_IRQHandler                  0x0800025b   Thumb Code     0  startup_stm32f411xe.o(.text)
    DMA2_Stream4_IRQHandler                  0x0800025b   Thumb Code     0  startup_stm32f411xe.o(.text)
    DMA2_Stream5_IRQHandler                  0x0800025b   Thumb Code     0  startup_stm32f411xe.o(.text)
    DMA2_Stream6_IRQHandler                  0x0800025b   Thumb Code     0  startup_stm32f411xe.o(.text)
    DMA2_Stream7_IRQHandler                  0x0800025b   Thumb Code     0  startup_stm32f411xe.o(.text)
    EXTI0_IRQHandler                         0x0800025b   Thumb Code     0  startup_stm32f411xe.o(.text)
    EXTI15_10_IRQHandler                     0x0800025b   Thumb Code     0  startup_stm32f411xe.o(.text)
    EXTI1_IRQHandler                         0x0800025b   Thumb Code     0  startup_stm32f411xe.o(.text)
    EXTI2_IRQHandler                         0x0800025b   Thumb Code     0  startup_stm32f411xe.o(.text)
    EXTI3_IRQHandler                         0x0800025b   Thumb Code     0  startup_stm32f411xe.o(.text)
    EXTI4_IRQHandler                         0x0800025b   Thumb Code     0  startup_stm32f411xe.o(.text)
    EXTI9_5_IRQHandler                       0x0800025b   Thumb Code     0  startup_stm32f411xe.o(.text)
    FLASH_IRQHandler                         0x0800025b   Thumb Code     0  startup_stm32f411xe.o(.text)
    FPU_IRQHandler                           0x0800025b   Thumb Code     0  startup_stm32f411xe.o(.text)
    I2C1_ER_IRQHandler                       0x0800025b   Thumb Code     0  startup_stm32f411xe.o(.text)
    I2C1_EV_IRQHandler                       0x0800025b   Thumb Code     0  startup_stm32f411xe.o(.text)
    I2C2_ER_IRQHandler                       0x0800025b   Thumb Code     0  startup_stm32f411xe.o(.text)
    I2C2_EV_IRQHandler                       0x0800025b   Thumb Code     0  startup_stm32f411xe.o(.text)
    I2C3_ER_IRQHandler                       0x0800025b   Thumb Code     0  startup_stm32f411xe.o(.text)
    I2C3_EV_IRQHandler                       0x0800025b   Thumb Code     0  startup_stm32f411xe.o(.text)
    OTG_FS_IRQHandler                        0x0800025b   Thumb Code     0  startup_stm32f411xe.o(.text)
    OTG_FS_WKUP_IRQHandler                   0x0800025b   Thumb Code     0  startup_stm32f411xe.o(.text)
    PVD_IRQHandler                           0x0800025b   Thumb Code     0  startup_stm32f411xe.o(.text)
    RCC_IRQHandler                           0x0800025b   Thumb Code     0  startup_stm32f411xe.o(.text)
    RTC_Alarm_IRQHandler                     0x0800025b   Thumb Code     0  startup_stm32f411xe.o(.text)
    RTC_WKUP_IRQHandler                      0x0800025b   Thumb Code     0  startup_stm32f411xe.o(.text)
    SDIO_IRQHandler                          0x0800025b   Thumb Code     0  startup_stm32f411xe.o(.text)
    SPI1_IRQHandler                          0x0800025b   Thumb Code     0  startup_stm32f411xe.o(.text)
    SPI2_IRQHandler                          0x0800025b   Thumb Code     0  startup_stm32f411xe.o(.text)
    SPI3_IRQHandler                          0x0800025b   Thumb Code     0  startup_stm32f411xe.o(.text)
    SPI4_IRQHandler                          0x0800025b   Thumb Code     0  startup_stm32f411xe.o(.text)
    SPI5_IRQHandler                          0x0800025b   Thumb Code     0  startup_stm32f411xe.o(.text)
    TAMP_STAMP_IRQHandler                    0x0800025b   Thumb Code     0  startup_stm32f411xe.o(.text)
    TIM1_BRK_TIM9_IRQHandler                 0x0800025b   Thumb Code     0  startup_stm32f411xe.o(.text)
    TIM1_CC_IRQHandler                       0x0800025b   Thumb Code     0  startup_stm32f411xe.o(.text)
    TIM1_TRG_COM_TIM11_IRQHandler            0x0800025b   Thumb Code     0  startup_stm32f411xe.o(.text)
    TIM1_UP_TIM10_IRQHandler                 0x0800025b   Thumb Code     0  startup_stm32f411xe.o(.text)
    TIM2_IRQHandler                          0x0800025b   Thumb Code     0  startup_stm32f411xe.o(.text)
    TIM3_IRQHandler                          0x0800025b   Thumb Code     0  startup_stm32f411xe.o(.text)
    TIM4_IRQHandler                          0x0800025b   Thumb Code     0  startup_stm32f411xe.o(.text)
    TIM5_IRQHandler                          0x0800025b   Thumb Code     0  startup_stm32f411xe.o(.text)
    USART1_IRQHandler                        0x0800025b   Thumb Code     0  startup_stm32f411xe.o(.text)
    USART6_IRQHandler                        0x0800025b   Thumb Code     0  startup_stm32f411xe.o(.text)
    WWDG_IRQHandler                          0x0800025b   Thumb Code     0  startup_stm32f411xe.o(.text)
    __user_initial_stackheap                 0x0800025d   Thumb Code     0  startup_stm32f411xe.o(.text)
    __aeabi_uldivmod                         0x08000281   Thumb Code     0  lludivv7m.o(.text)
    _ll_udiv                                 0x08000281   Thumb Code   238  lludivv7m.o(.text)
    __2sprintf                               0x08000371   Thumb Code    34  noretval__2sprintf.o(.text)
    __printf                                 0x08000399   Thumb Code   104  __printf.o(.text)
    _printf_int_dec                          0x08000401   Thumb Code   104  _printf_dec.o(.text)
    __aeabi_memclr4                          0x08000479   Thumb Code     0  rt_memclr_w.o(.text)
    __aeabi_memclr8                          0x08000479   Thumb Code     0  rt_memclr_w.o(.text)
    __rt_memclr_w                            0x08000479   Thumb Code    78  rt_memclr_w.o(.text)
    _memset_w                                0x0800047d   Thumb Code     0  rt_memclr_w.o(.text)
    __use_two_region_memory                  0x080004c7   Thumb Code     2  heapauxi.o(.text)
    __rt_heap_escrow$2region                 0x080004c9   Thumb Code     2  heapauxi.o(.text)
    __rt_heap_expand$2region                 0x080004cb   Thumb Code     2  heapauxi.o(.text)
    _printf_int_common                       0x080004cd   Thumb Code   178  _printf_intcommon.o(.text)
    _printf_char_common                      0x0800058b   Thumb Code    32  _printf_char_common.o(.text)
    _sputc                                   0x080005b1   Thumb Code    10  _sputc.o(.text)
    __user_setup_stackheap                   0x080005bb   Thumb Code    74  sys_stackheap_outer.o(.text)
    exit                                     0x08000605   Thumb Code    18  exit.o(.text)
    __user_libspace                          0x08000619   Thumb Code     8  libspace.o(.text)
    __user_perproc_libspace                  0x08000619   Thumb Code     0  libspace.o(.text)
    __user_perthread_libspace                0x08000619   Thumb Code     0  libspace.o(.text)
    _sys_exit                                0x08000621   Thumb Code     8  sys_exit.o(.text)
    __I$use$semihosting                      0x0800062d   Thumb Code     0  use_no_semi.o(.text)
    __use_no_semihosting_swi                 0x0800062d   Thumb Code     2  use_no_semi.o(.text)
    __semihosting_library_function           0x0800062f   Thumb Code     0  indicate_semi.o(.text)
    AccelerometerInit                        0x08000631   Thumb Code   168  accelerometer.o(i.AccelerometerInit)
    BusFault_Handler                         0x080006e5   Thumb Code     2  stm32f4xx_it.o(i.BusFault_Handler)
    DMA1_Stream6_IRQHandler                  0x080006e9   Thumb Code    28  uart.o(i.DMA1_Stream6_IRQHandler)
    DebugMon_Handler                         0x0800070d   Thumb Code     2  stm32f4xx_it.o(i.DebugMon_Handler)
    DisplayAxisValue                         0x08000711   Thumb Code    32  displaydata.o(i.DisplayAxisValue)
    DisplayAxisValues                        0x08000735   Thumb Code    70  displaydata.o(i.DisplayAxisValues)
    DisplayIntegerValue                      0x0800078d   Thumb Code    50  displaydata.o(i.DisplayIntegerValue)
    GetAccelerometerValues                   0x080007c5   Thumb Code    70  accelerometer.o(i.GetAccelerometerValues)
    GetAxisValue                             0x0800080d   Thumb Code    50  gyro.o(i.GetAxisValue)
    GetGyroValues                            0x08000845   Thumb Code    40  gyro.o(i.GetGyroValues)
    GyroInit                                 0x0800086d   Thumb Code   122  gyro.o(i.GyroInit)
    HAL_Delay                                0x080008fd   Thumb Code    32  stm32f4xx_hal.o(i.HAL_Delay)
    HAL_GPIO_Init                            0x08000921   Thumb Code   446  stm32f4xx_hal_gpio.o(i.HAL_GPIO_Init)
    HAL_GPIO_WritePin                        0x08000b01   Thumb Code    10  stm32f4xx_hal_gpio.o(i.HAL_GPIO_WritePin)
    HAL_GetTick                              0x08000b0d   Thumb Code     6  stm32f4xx_hal.o(i.HAL_GetTick)
    HAL_IncTick                              0x08000b19   Thumb Code    12  stm32f4xx_hal.o(i.HAL_IncTick)
    HAL_Init                                 0x08000b29   Thumb Code    48  stm32f4xx_hal.o(i.HAL_Init)
    HAL_InitTick                             0x08000b5d   Thumb Code    54  stm32f4xx_hal.o(i.HAL_InitTick)
    HAL_MspInit                              0x08000b9d   Thumb Code    42  stm32f4xx_hal_msp.o(i.HAL_MspInit)
    HAL_NVIC_SetPriority                     0x08000bcd   Thumb Code    60  stm32f4xx_hal_cortex.o(i.HAL_NVIC_SetPriority)
    HAL_NVIC_SetPriorityGrouping             0x08000c0d   Thumb Code    26  stm32f4xx_hal_cortex.o(i.HAL_NVIC_SetPriorityGrouping)
    HAL_RCC_ClockConfig                      0x08000c31   Thumb Code   288  stm32f4xx_hal_rcc.o(i.HAL_RCC_ClockConfig)
    HAL_RCC_GetSysClockFreq                  0x08000d65   Thumb Code    88  stm32f4xx_hal_rcc.o(i.HAL_RCC_GetSysClockFreq)
    HAL_RCC_OscConfig                        0x08000dc9   Thumb Code   856  stm32f4xx_hal_rcc.o(i.HAL_RCC_OscConfig)
    HAL_SPI_Init                             0x08001135   Thumb Code   188  stm32f4xx_hal_spi.o(i.HAL_SPI_Init)
    HAL_SPI_MspInit                          0x080011f1   Thumb Code   128  stm32f4xx_hal_msp.o(i.HAL_SPI_MspInit)
    HAL_SPI_Transmit                         0x08001281   Thumb Code   358  stm32f4xx_hal_spi.o(i.HAL_SPI_Transmit)
    HAL_SYSTICK_Config                       0x080013e7   Thumb Code    40  stm32f4xx_hal_cortex.o(i.HAL_SYSTICK_Config)
    HardFault_Handler                        0x0800140f   Thumb Code     2  stm32f4xx_it.o(i.HardFault_Handler)
    I2CDisableAcknowledge                    0x08001411   Thumb Code    12  accelerometer.o(i.I2CDisableAcknowledge)
    I2CEnableAcknowledge                     0x08001421   Thumb Code    12  accelerometer.o(i.I2CEnableAcknowledge)
    I2CGetData                               0x08001431   Thumb Code    18  accelerometer.o(i.I2CGetData)
    I2CSendRegister                          0x08001449   Thumb Code    22  accelerometer.o(i.I2CSendRegister)
    I2CSendSlaveAddress                      0x08001465   Thumb Code    30  accelerometer.o(i.I2CSendSlaveAddress)
    I2CStartRestart                          0x08001489   Thumb Code    12  accelerometer.o(i.I2CStartRestart)
    I2CStop                                  0x08001499   Thumb Code    12  accelerometer.o(i.I2CStop)
    I2CWaitIfBusy                            0x080014a9   Thumb Code    10  accelerometer.o(i.I2CWaitIfBusy)
    I2CWriteByte                             0x080014b9   Thumb Code    14  accelerometer.o(i.I2CWriteByte)
    ILI9341_DrawLine                         0x080014cd   Thumb Code   156  lcd.o(i.ILI9341_DrawLine)
    ILI9341_DrawPixel                        0x08001569   Thumb Code    62  lcd.o(i.ILI9341_DrawPixel)
    ILI9341_FillRectangle                    0x080015a9   Thumb Code   150  lcd.o(i.ILI9341_FillRectangle)
    ILI9341_FillScreen                       0x08001649   Thumb Code    20  lcd.o(i.ILI9341_FillScreen)
    ILI9341_Init                             0x0800165d   Thumb Code   472  lcd.o(i.ILI9341_Init)
    ILI9341_Unselect                         0x08001901   Thumb Code    10  lcd.o(i.ILI9341_Unselect)
    ILI9341_WriteString                      0x08001a0d   Thumb Code    96  lcd.o(i.ILI9341_WriteString)
    IntegerToString                          0x08001a6d   Thumb Code    84  stringutilities.o(i.IntegerToString)
    MemManage_Handler                        0x08001b85   Thumb Code     2  stm32f4xx_it.o(i.MemManage_Handler)
    NMI_Handler                              0x08001b87   Thumb Code     2  stm32f4xx_it.o(i.NMI_Handler)
    PendSV_Handler                           0x08001b89   Thumb Code     2  stm32f4xx_it.o(i.PendSV_Handler)
    ReadFromAccelerometer                    0x08001b8b   Thumb Code    54  accelerometer.o(i.ReadFromAccelerometer)
    ReadFromGyro                             0x08001bc1   Thumb Code    64  gyro.o(i.ReadFromGyro)
    SVC_Handler                              0x08001d19   Thumb Code     2  stm32f4xx_it.o(i.SVC_Handler)
    SendString                               0x08001d1d   Thumb Code    98  uart.o(i.SendString)
    SysTick_Handler                          0x08001d91   Thumb Code     4  stm32f4xx_it.o(i.SysTick_Handler)
    SystemClock_Config                       0x08001d95   Thumb Code   116  main.o(i.SystemClock_Config)
    SystemInit                               0x08001e11   Thumb Code    12  system_stm32f4xx.o(i.SystemInit)
    USART2_IRQHandler                        0x08001e21   Thumb Code    28  uart.o(i.USART2_IRQHandler)
    UartDmaInit                              0x08001e45   Thumb Code    40  uart.o(i.UartDmaInit)
    UartGpioInit                             0x08001e79   Thumb Code    38  uart.o(i.UartGpioInit)
    UartInit                                 0x08001ea9   Thumb Code    62  uart.o(i.UartInit)
    UsageFault_Handler                       0x08001ef1   Thumb Code     2  stm32f4xx_it.o(i.UsageFault_Handler)
    WaitForSPI1RXReady                       0x08001ef5   Thumb Code    12  gyro.o(i.WaitForSPI1RXReady)
    WaitForSPI1TXReady                       0x08001f05   Thumb Code    12  gyro.o(i.WaitForSPI1TXReady)
    WriteToAccelerometer                     0x08001f15   Thumb Code    40  accelerometer.o(i.WriteToAccelerometer)
    WriteToGyro                              0x08001f3d   Thumb Code    52  gyro.o(i.WriteToGyro)
    getSysTickCount                          0x080021d5   Thumb Code     4  system.o(i.getSysTickCount)
    initAccelTask                            0x080021d9   Thumb Code    22  des.o(i.initAccelTask)
    initGyroTask                             0x080021f5   Thumb Code    22  des.o(i.initGyroTask)
    initLogDataTask                          0x08002211   Thumb Code    22  des.o(i.initLogDataTask)
    initScreenTask                           0x0800222d   Thumb Code    30  des.o(i.initScreenTask)
    main                                     0x08002251   Thumb Code    38  main.o(i.main)
    processTimerEvents                       0x08002279   Thumb Code    62  stimer.o(i.processTimerEvents)
    startTimer                               0x08002389   Thumb Code    82  stimer.o(i.startTimer)
    _fp_init                                 0x080023e1   Thumb Code    10  fpinit.o(x$fpl$fpinit)
    __fplib_config_fpu_vfp                   0x080023e9   Thumb Code     0  fpinit.o(x$fpl$fpinit)
    __fplib_config_pureend_doubles           0x080023e9   Thumb Code     0  fpinit.o(x$fpl$fpinit)
    AHBPrescTable                            0x08003736   Data          16  system_stm32f4xx.o(.constdata)
    Region$$Table$$Base                      0x08003790   Number         0  anon$$obj.o(Region$$Table)
    Region$$Table$$Limit                     0x080037b0   Number         0  anon$$obj.o(Region$$Table)
    Font_16x26                               0x20000008   Data           8  font.o(.data)
    uartBusy                                 0x20000010   Data           4  uart.o(.data)
    checkGyro                                0x20000014   Data           4  des.o(.data)
    checkAccel                               0x20000018   Data           4  des.o(.data)
    Gyro                                     0x2000001c   Data           6  des.o(.data)
    Accele                                   0x20000022   Data           6  des.o(.data)
    uwTickFreq                               0x20000028   Data           1  stm32f4xx_hal.o(.data)
    uwTickPrio                               0x2000002c   Data           4  stm32f4xx_hal.o(.data)
    uwTick                                   0x20000030   Data           4  stm32f4xx_hal.o(.data)
    SystemCoreClock                          0x20000034   Data           4  system_stm32f4xx.o(.data)
    hspi2                                    0x20000238   Data          88  main.o(.bss)
    dmaBuffer                                0x20000290   Data        2000  uart.o(.bss)
    rsBuffer                                 0x20000a60   Data          60  des.o(.bss)
    __libspace_start                         0x20000a9c   Data          96  libspace.o(.bss)
    __temporary_stack_top$libspace           0x20000afc   Data           0  libspace.o(.bss)



==============================================================================

Memory Map of the image

  Image Entry point : 0x08000199

  Load Region LR_IROM1 (Base: 0x08000000, Size: 0x000037e8, Max: 0x00080000, ABSOLUTE)

    Execution Region ER_IROM1 (Base: 0x08000000, Size: 0x000037b0, Max: 0x00080000, ABSOLUTE)

    Base Addr    Size         Type   Attr      Idx    E Section Name        Object

    0x08000000   0x00000198   Data   RO            3    RESET               startup_stm32f411xe.o
    0x08000198   0x00000008   Code   RO         2524  * !!!main             c_w.l(__main.o)
    0x080001a0   0x00000034   Code   RO         2731    !!!scatter          c_w.l(__scatter.o)
    0x080001d4   0x0000001a   Code   RO         2733    !!handler_copy      c_w.l(__scatter_copy.o)
    0x080001ee   0x00000002   PAD
    0x080001f0   0x0000001c   Code   RO         2735    !!handler_zi        c_w.l(__scatter_zi.o)
    0x0800020c   0x00000000   Code   RO         2519    .ARM.Collect$$_printf_percent$$00000000  c_w.l(_printf_percent.o)
    0x0800020c   0x00000006   Code   RO         2518    .ARM.Collect$$_printf_percent$$00000009  c_w.l(_printf_d.o)
    0x08000212   0x00000004   Code   RO         2561    .ARM.Collect$$_printf_percent$$00000017  c_w.l(_printf_percent_end.o)
    0x08000216   0x00000002   Code   RO         2601    .ARM.Collect$$libinit$$00000000  c_w.l(libinit.o)
    0x08000218   0x00000004   Code   RO         2613    .ARM.Collect$$libinit$$00000001  c_w.l(libinit2.o)
    0x0800021c   0x00000000   Code   RO         2616    .ARM.Collect$$libinit$$00000004  c_w.l(libinit2.o)
    0x0800021c   0x00000000   Code   RO         2619    .ARM.Collect$$libinit$$0000000A  c_w.l(libinit2.o)
    0x0800021c   0x00000000   Code   RO         2621    .ARM.Collect$$libinit$$0000000C  c_w.l(libinit2.o)
    0x0800021c   0x00000000   Code   RO         2623    .ARM.Collect$$libinit$$0000000E  c_w.l(libinit2.o)
    0x0800021c   0x00000000   Code   RO         2626    .ARM.Collect$$libinit$$00000011  c_w.l(libinit2.o)
    0x0800021c   0x00000000   Code   RO         2628    .ARM.Collect$$libinit$$00000013  c_w.l(libinit2.o)
    0x0800021c   0x00000000   Code   RO         2630    .ARM.Collect$$libinit$$00000015  c_w.l(libinit2.o)
    0x0800021c   0x00000000   Code   RO         2632    .ARM.Collect$$libinit$$00000017  c_w.l(libinit2.o)
    0x0800021c   0x00000000   Code   RO         2634    .ARM.Collect$$libinit$$00000019  c_w.l(libinit2.o)
    0x0800021c   0x00000000   Code   RO         2636    .ARM.Collect$$libinit$$0000001B  c_w.l(libinit2.o)
    0x0800021c   0x00000000   Code   RO         2638    .ARM.Collect$$libinit$$0000001D  c_w.l(libinit2.o)
    0x0800021c   0x00000000   Code   RO         2640    .ARM.Collect$$libinit$$0000001F  c_w.l(libinit2.o)
    0x0800021c   0x00000000   Code   RO         2642    .ARM.Collect$$libinit$$00000021  c_w.l(libinit2.o)
    0x0800021c   0x00000000   Code   RO         2644    .ARM.Collect$$libinit$$00000023  c_w.l(libinit2.o)
    0x0800021c   0x00000000   Code   RO         2646    .ARM.Collect$$libinit$$00000025  c_w.l(libinit2.o)
    0x0800021c   0x00000000   Code   RO         2650    .ARM.Collect$$libinit$$0000002C  c_w.l(libinit2.o)
    0x0800021c   0x00000000   Code   RO         2652    .ARM.Collect$$libinit$$0000002E  c_w.l(libinit2.o)
    0x0800021c   0x00000000   Code   RO         2654    .ARM.Collect$$libinit$$00000030  c_w.l(libinit2.o)
    0x0800021c   0x00000000   Code   RO         2656    .ARM.Collect$$libinit$$00000032  c_w.l(libinit2.o)
    0x0800021c   0x00000002   Code   RO         2657    .ARM.Collect$$libinit$$00000033  c_w.l(libinit2.o)
    0x0800021e   0x00000002   Code   RO         2688    .ARM.Collect$$libshutdown$$00000000  c_w.l(libshutdown.o)
    0x08000220   0x00000000   Code   RO         2714    .ARM.Collect$$libshutdown$$00000002  c_w.l(libshutdown2.o)
    0x08000220   0x00000000   Code   RO         2716    .ARM.Collect$$libshutdown$$00000004  c_w.l(libshutdown2.o)
    0x08000220   0x00000000   Code   RO         2719    .ARM.Collect$$libshutdown$$00000007  c_w.l(libshutdown2.o)
    0x08000220   0x00000000   Code   RO         2722    .ARM.Collect$$libshutdown$$0000000A  c_w.l(libshutdown2.o)
    0x08000220   0x00000000   Code   RO         2724    .ARM.Collect$$libshutdown$$0000000C  c_w.l(libshutdown2.o)
    0x08000220   0x00000000   Code   RO         2727    .ARM.Collect$$libshutdown$$0000000F  c_w.l(libshutdown2.o)
    0x08000220   0x00000002   Code   RO         2728    .ARM.Collect$$libshutdown$$00000010  c_w.l(libshutdown2.o)
    0x08000222   0x00000000   Code   RO         2550    .ARM.Collect$$rtentry$$00000000  c_w.l(__rtentry.o)
    0x08000222   0x00000000   Code   RO         2570    .ARM.Collect$$rtentry$$00000002  c_w.l(__rtentry2.o)
    0x08000222   0x00000006   Code   RO         2582    .ARM.Collect$$rtentry$$00000004  c_w.l(__rtentry4.o)
    0x08000228   0x00000000   Code   RO         2572    .ARM.Collect$$rtentry$$00000009  c_w.l(__rtentry2.o)
    0x08000228   0x00000004   Code   RO         2573    .ARM.Collect$$rtentry$$0000000A  c_w.l(__rtentry2.o)
    0x0800022c   0x00000000   Code   RO         2575    .ARM.Collect$$rtentry$$0000000C  c_w.l(__rtentry2.o)
    0x0800022c   0x00000008   Code   RO         2576    .ARM.Collect$$rtentry$$0000000D  c_w.l(__rtentry2.o)
    0x08000234   0x00000002   Code   RO         2605    .ARM.Collect$$rtexit$$00000000  c_w.l(rtexit.o)
    0x08000236   0x00000000   Code   RO         2661    .ARM.Collect$$rtexit$$00000002  c_w.l(rtexit2.o)
    0x08000236   0x00000004   Code   RO         2662    .ARM.Collect$$rtexit$$00000003  c_w.l(rtexit2.o)
    0x0800023a   0x00000006   Code   RO         2663    .ARM.Collect$$rtexit$$00000004  c_w.l(rtexit2.o)
    0x08000240   0x00000040   Code   RO            4    .text               startup_stm32f411xe.o
    0x08000280   0x000000ee   Code   RO         2488    .text               c_w.l(lludivv7m.o)
    0x0800036e   0x00000002   PAD
    0x08000370   0x00000028   Code   RO         2492    .text               c_w.l(noretval__2sprintf.o)
    0x08000398   0x00000068   Code   RO         2494    .text               c_w.l(__printf.o)
    0x08000400   0x00000078   Code   RO         2496    .text               c_w.l(_printf_dec.o)
    0x08000478   0x0000004e   Code   RO         2520    .text               c_w.l(rt_memclr_w.o)
    0x080004c6   0x00000006   Code   RO         2522    .text               c_w.l(heapauxi.o)
    0x080004cc   0x000000b2   Code   RO         2555    .text               c_w.l(_printf_intcommon.o)
    0x0800057e   0x00000002   PAD
    0x08000580   0x00000030   Code   RO         2557    .text               c_w.l(_printf_char_common.o)
    0x080005b0   0x0000000a   Code   RO         2559    .text               c_w.l(_sputc.o)
    0x080005ba   0x0000004a   Code   RO         2588    .text               c_w.l(sys_stackheap_outer.o)
    0x08000604   0x00000012   Code   RO         2590    .text               c_w.l(exit.o)
    0x08000616   0x00000002   PAD
    0x08000618   0x00000008   Code   RO         2602    .text               c_w.l(libspace.o)
    0x08000620   0x0000000c   Code   RO         2658    .text               c_w.l(sys_exit.o)
    0x0800062c   0x00000002   Code   RO         2677    .text               c_w.l(use_no_semi.o)
    0x0800062e   0x00000000   Code   RO         2679    .text               c_w.l(indicate_semi.o)
    0x0800062e   0x00000002   PAD
    0x08000630   0x000000b4   Code   RO          575    i.AccelerometerInit  accelerometer.o
    0x080006e4   0x00000002   Code   RO          310    i.BusFault_Handler  stm32f4xx_it.o
    0x080006e6   0x00000002   PAD
    0x080006e8   0x00000024   Code   RO          749    i.DMA1_Stream6_IRQHandler  uart.o
    0x0800070c   0x00000002   Code   RO          311    i.DebugMon_Handler  stm32f4xx_it.o
    0x0800070e   0x00000002   PAD
    0x08000710   0x00000024   Code   RO          653    i.DisplayAxisValue  displaydata.o
    0x08000734   0x00000058   Code   RO          654    i.DisplayAxisValues  displaydata.o
    0x0800078c   0x00000038   Code   RO          656    i.DisplayIntegerValue  displaydata.o
    0x080007c4   0x00000046   Code   RO          576    i.GetAccelerometerValues  accelerometer.o
    0x0800080a   0x00000002   PAD
    0x0800080c   0x00000038   Code   RO          692    i.GetAxisValue      gyro.o
    0x08000844   0x00000028   Code   RO          693    i.GetGyroValues     gyro.o
    0x0800086c   0x00000090   Code   RO          694    i.GyroInit          gyro.o
    0x080008fc   0x00000024   Code   RO         2164    i.HAL_Delay         stm32f4xx_hal.o
    0x08000920   0x000001e0   Code   RO         1614    i.HAL_GPIO_Init     stm32f4xx_hal_gpio.o
    0x08000b00   0x0000000a   Code   RO         1618    i.HAL_GPIO_WritePin  stm32f4xx_hal_gpio.o
    0x08000b0a   0x00000002   PAD
    0x08000b0c   0x0000000c   Code   RO         2170    i.HAL_GetTick       stm32f4xx_hal.o
    0x08000b18   0x00000010   Code   RO         2176    i.HAL_IncTick       stm32f4xx_hal.o
    0x08000b28   0x00000034   Code   RO         2177    i.HAL_Init          stm32f4xx_hal.o
    0x08000b5c   0x00000040   Code   RO         2178    i.HAL_InitTick      stm32f4xx_hal.o
    0x08000b9c   0x00000030   Code   RO          385    i.HAL_MspInit       stm32f4xx_hal_msp.o
    0x08000bcc   0x00000040   Code   RO         2033    i.HAL_NVIC_SetPriority  stm32f4xx_hal_cortex.o
    0x08000c0c   0x00000024   Code   RO         2034    i.HAL_NVIC_SetPriorityGrouping  stm32f4xx_hal_cortex.o
    0x08000c30   0x00000134   Code   RO         1206    i.HAL_RCC_ClockConfig  stm32f4xx_hal_rcc.o
    0x08000d64   0x00000064   Code   RO         1215    i.HAL_RCC_GetSysClockFreq  stm32f4xx_hal_rcc.o
    0x08000dc8   0x0000036c   Code   RO         1218    i.HAL_RCC_OscConfig  stm32f4xx_hal_rcc.o
    0x08001134   0x000000bc   Code   RO          894    i.HAL_SPI_Init      stm32f4xx_hal_spi.o
    0x080011f0   0x00000090   Code   RO          387    i.HAL_SPI_MspInit   stm32f4xx_hal_msp.o
    0x08001280   0x00000166   Code   RO          902    i.HAL_SPI_Transmit  stm32f4xx_hal_spi.o
    0x080013e6   0x00000028   Code   RO         2038    i.HAL_SYSTICK_Config  stm32f4xx_hal_cortex.o
    0x0800140e   0x00000002   Code   RO          312    i.HardFault_Handler  stm32f4xx_it.o
    0x08001410   0x00000010   Code   RO          577    i.I2CDisableAcknowledge  accelerometer.o
    0x08001420   0x00000010   Code   RO          578    i.I2CEnableAcknowledge  accelerometer.o
    0x08001430   0x00000018   Code   RO          579    i.I2CGetData        accelerometer.o
    0x08001448   0x0000001c   Code   RO          580    i.I2CSendRegister   accelerometer.o
    0x08001464   0x00000024   Code   RO          581    i.I2CSendSlaveAddress  accelerometer.o
    0x08001488   0x00000010   Code   RO          582    i.I2CStartRestart   accelerometer.o
    0x08001498   0x00000010   Code   RO          583    i.I2CStop           accelerometer.o
    0x080014a8   0x00000010   Code   RO          584    i.I2CWaitIfBusy     accelerometer.o
    0x080014b8   0x00000014   Code   RO          585    i.I2CWriteByte      accelerometer.o
    0x080014cc   0x0000009c   Code   RO          440    i.ILI9341_DrawLine  lcd.o
    0x08001568   0x0000003e   Code   RO          441    i.ILI9341_DrawPixel  lcd.o
    0x080015a6   0x00000002   PAD
    0x080015a8   0x000000a0   Code   RO          445    i.ILI9341_FillRectangle  lcd.o
    0x08001648   0x00000014   Code   RO          446    i.ILI9341_FillScreen  lcd.o
    0x0800165c   0x0000023c   Code   RO          448    i.ILI9341_Init      lcd.o
    0x08001898   0x00000010   Code   RO          450    i.ILI9341_Select    lcd.o
    0x080018a8   0x00000058   Code   RO          451    i.ILI9341_SetAddressWindow  lcd.o
    0x08001900   0x00000010   Code   RO          452    i.ILI9341_Unselect  lcd.o
    0x08001910   0x0000008c   Code   RO          453    i.ILI9341_WriteChar  lcd.o
    0x0800199c   0x00000028   Code   RO          454    i.ILI9341_WriteCommand  lcd.o
    0x080019c4   0x00000048   Code   RO          455    i.ILI9341_WriteData  lcd.o
    0x08001a0c   0x00000060   Code   RO          456    i.ILI9341_WriteString  lcd.o
    0x08001a6c   0x00000058   Code   RO          738    i.IntegerToString   stringutilities.o
    0x08001ac4   0x00000080   Code   RO          259    i.MX_GPIO_Init      main.o
    0x08001b44   0x00000040   Code   RO          260    i.MX_SPI2_Init      main.o
    0x08001b84   0x00000002   Code   RO          313    i.MemManage_Handler  stm32f4xx_it.o
    0x08001b86   0x00000002   Code   RO          314    i.NMI_Handler       stm32f4xx_it.o
    0x08001b88   0x00000002   Code   RO          315    i.PendSV_Handler    stm32f4xx_it.o
    0x08001b8a   0x00000036   Code   RO          586    i.ReadFromAccelerometer  accelerometer.o
    0x08001bc0   0x00000048   Code   RO          695    i.ReadFromGyro      gyro.o
    0x08001c08   0x00000058   Code   RO          932    i.SPI_EndRxTxTransaction  stm32f4xx_hal_spi.o
    0x08001c60   0x000000b8   Code   RO          937    i.SPI_WaitFlagStateUntilTimeout  stm32f4xx_hal_spi.o
    0x08001d18   0x00000002   Code   RO          316    i.SVC_Handler       stm32f4xx_it.o
    0x08001d1a   0x00000002   PAD
    0x08001d1c   0x00000074   Code   RO          750    i.SendString        uart.o
    0x08001d90   0x00000004   Code   RO          317    i.SysTick_Handler   stm32f4xx_it.o
    0x08001d94   0x0000007c   Code   RO          261    i.SystemClock_Config  main.o
    0x08001e10   0x00000010   Code   RO         2452    i.SystemInit        system_stm32f4xx.o
    0x08001e20   0x00000024   Code   RO          751    i.USART2_IRQHandler  uart.o
    0x08001e44   0x00000034   Code   RO          752    i.UartDmaInit       uart.o
    0x08001e78   0x00000030   Code   RO          753    i.UartGpioInit      uart.o
    0x08001ea8   0x00000048   Code   RO          754    i.UartInit          uart.o
    0x08001ef0   0x00000002   Code   RO          318    i.UsageFault_Handler  stm32f4xx_it.o
    0x08001ef2   0x00000002   PAD
    0x08001ef4   0x00000010   Code   RO          696    i.WaitForSPI1RXReady  gyro.o
    0x08001f04   0x00000010   Code   RO          697    i.WaitForSPI1TXReady  gyro.o
    0x08001f14   0x00000028   Code   RO          587    i.WriteToAccelerometer  accelerometer.o
    0x08001f3c   0x0000003c   Code   RO          698    i.WriteToGyro       gyro.o
    0x08001f78   0x00000020   Code   RO         2040    i.__NVIC_SetPriority  stm32f4xx_hal_cortex.o
    0x08001f98   0x00000074   Code   RO          798    i.convertINT        des.o
    0x0800200c   0x000000dc   Code   RO          799    i.displayHeaderScreen  des.o
    0x080020e8   0x000000ec   Code   RO          800    i.displayValueScreen  des.o
    0x080021d4   0x00000004   Code   RO          165    i.getSysTickCount   system.o
    0x080021d8   0x0000001c   Code   RO          801    i.initAccelTask     des.o
    0x080021f4   0x0000001c   Code   RO          802    i.initGyroTask      des.o
    0x08002210   0x0000001c   Code   RO          803    i.initLogDataTask   des.o
    0x0800222c   0x00000024   Code   RO          804    i.initScreenTask    des.o
    0x08002250   0x00000026   Code   RO          262    i.main              main.o
    0x08002276   0x00000002   PAD
    0x08002278   0x00000048   Code   RO           15    i.processTimerEvents  stimer.o
    0x080022c0   0x00000038   Code   RO          805    i.startAccel        des.o
    0x080022f8   0x00000038   Code   RO          806    i.startGyro         des.o
    0x08002330   0x00000038   Code   RO          807    i.startLog          des.o
    0x08002368   0x00000020   Code   RO          808    i.startScreen       des.o
    0x08002388   0x00000058   Code   RO           16    i.startTimer        stimer.o
    0x080023e0   0x0000000a   Code   RO         2673    x$fpl$fpinit        fz_wm.l(fpinit.o)
    0x080023ea   0x0000134c   Data   RO          420    .constdata          font.o
    0x08003736   0x00000010   Data   RO         2453    .constdata          system_stm32f4xx.o
    0x08003746   0x00000002   PAD
    0x08003748   0x00000048   Data   RO          739    .conststring        stringutilities.o
    0x08003790   0x00000020   Data   RO         2729    Region$$Table       anon$$obj.o


    Execution Region RW_IRAM1 (Base: 0x20000000, Size: 0x00001100, Max: 0x00020000, ABSOLUTE)

    Base Addr    Size         Type   Attr      Idx    E Section Name        Object

    0x20000000   0x00000008   Data   RW           18    .data               stimer.o
    0x20000008   0x00000008   Data   RW          423    .data               font.o
    0x20000010   0x00000004   Data   RW          756    .data               uart.o
    0x20000014   0x00000014   Data   RW          810    .data               des.o
    0x20000028   0x0000000c   Data   RW         2184    .data               stm32f4xx_hal.o
    0x20000034   0x00000004   Data   RW         2455    .data               system_stm32f4xx.o
    0x20000038   0x00000200   Zero   RW           17    .bss                stimer.o
    0x20000238   0x00000058   Zero   RW          263    .bss                main.o
    0x20000290   0x000007d0   Zero   RW          755    .bss                uart.o
    0x20000a60   0x0000003c   Zero   RW          809    .bss                des.o
    0x20000a9c   0x00000060   Zero   RW         2603    .bss                c_w.l(libspace.o)
    0x20000afc   0x00000004   PAD
    0x20000b00   0x00000200   Zero   RW            2    HEAP                startup_stm32f411xe.o
    0x20000d00   0x00000400   Zero   RW            1    STACK               startup_stm32f411xe.o


==============================================================================

Image component sizes


      Code (inc. data)   RO Data    RW Data    ZI Data      Debug   Object Name

       532         58          0          0          0       7505   accelerometer.o
       892        122          0         20         60       6550   des.o
       180         28          0          0          0       2721   displaydata.o
         0          0       4940          8          0       1038   font.o
       404         52          0          0          0       4381   gyro.o
      1438        138          0          0          0      10646   lcd.o
       354         26          0          0         88       3080   main.o
        64         26        408          0       1536        856   startup_stm32f411xe.o
       160         16          0          8        512     386750   stimer.o
       180         28          0         12          0       9365   stm32f4xx_hal.o
       172         14          0          0          0      33318   stm32f4xx_hal_cortex.o
       490         34          0          0          0       2208   stm32f4xx_hal_gpio.o
       192         22          0          0          0       1660   stm32f4xx_hal_msp.o
      1284         52          0          0          0       4102   stm32f4xx_hal_rcc.o
       818         12          0          0          0       4674   stm32f4xx_hal_spi.o
        20          0          0          0          0       4274   stm32f4xx_it.o
        88          4         72          0          0        842   stringutilities.o
         4          0          0          0          0       1006   system.o
        16          4         16          4          0       1163   system_stm32f4xx.o
       360         66          0          4       2000       3700   uart.o

    ----------------------------------------------------------------------
      7664        702       5470         56       4196     489839   Object Totals
         0          0         32          0          0          0   (incl. Generated)
        16          0          2          0          0          0   (incl. Padding)

    ----------------------------------------------------------------------

      Code (inc. data)   RO Data    RW Data    ZI Data      Debug   Library Member Name

         8          0          0          0          0         68   __main.o
       104          0          0          0          0         84   __printf.o
         0          0          0          0          0          0   __rtentry.o
        12          0          0          0          0          0   __rtentry2.o
         6          0          0          0          0          0   __rtentry4.o
        52          8          0          0          0          0   __scatter.o
        26          0          0          0          0          0   __scatter_copy.o
        28          0          0          0          0          0   __scatter_zi.o
        48          6          0          0          0         96   _printf_char_common.o
         6          0          0          0          0          0   _printf_d.o
       120         16          0          0          0         92   _printf_dec.o
       178          0          0          0          0         88   _printf_intcommon.o
         0          0          0          0          0          0   _printf_percent.o
         4          0          0          0          0          0   _printf_percent_end.o
        10          0          0          0          0         68   _sputc.o
        18          0          0          0          0         80   exit.o
         6          0          0          0          0        152   heapauxi.o
         0          0          0          0          0          0   indicate_semi.o
         2          0          0          0          0          0   libinit.o
         6          0          0          0          0          0   libinit2.o
         2          0          0          0          0          0   libshutdown.o
         2          0          0          0          0          0   libshutdown2.o
         8          4          0          0         96         68   libspace.o
       238          0          0          0          0        100   lludivv7m.o
        40          6          0          0          0         84   noretval__2sprintf.o
        78          0          0          0          0         80   rt_memclr_w.o
         2          0          0          0          0          0   rtexit.o
        10          0          0          0          0          0   rtexit2.o
        12          4          0          0          0         68   sys_exit.o
        74          0          0          0          0         80   sys_stackheap_outer.o
         2          0          0          0          0         68   use_no_semi.o
        10          0          0          0          0        116   fpinit.o

    ----------------------------------------------------------------------
      1122         44          0          0        100       1392   Library Totals
        10          0          0          0          4          0   (incl. Padding)

    ----------------------------------------------------------------------

      Code (inc. data)   RO Data    RW Data    ZI Data      Debug   Library Name

      1102         44          0          0         96       1276   c_w.l
        10          0          0          0          0        116   fz_wm.l

    ----------------------------------------------------------------------
      1122         44          0          0        100       1392   Library Totals

    ----------------------------------------------------------------------

==============================================================================


      Code (inc. data)   RO Data    RW Data    ZI Data      Debug   

      8786        746       5470         56       4296     482559   Grand Totals
      8786        746       5470         56       4296     482559   ELF Image Totals
      8786        746       5470         56          0          0   ROM Totals

==============================================================================

    Total RO  Size (Code + RO Data)                14256 (  13.92kB)
    Total RW  Size (RW Data + ZI Data)              4352 (   4.25kB)
    Total ROM Size (Code + RO Data + RW Data)      14312 (  13.98kB)

==============================================================================

