<html>
<body>
<pre>
<h1>µVision Build Log</h1>
<h2>Tool Versions:</h2>
IDE-Version: µVision V5.17.0.0
Copyright (C) 2015 ARM Ltd and ARM Germany GmbH. All rights reserved.
License Information: linh duy, devzone, LIC=GMZJJ-UG1NX-ARFXW-QRU83-6FJ8E-VGIHH
 
Tool Versions:
Toolchain:       MDK-ARM Standard  Version: 5.17
Toolchain Path:  C:\Keil_v5\ARM\ARMCC\Bin
C Compiler:      Armcc.exe V5.06 update 1 (build 61)
Assembler:       Armasm.exe V5.06 update 1 (build 61)
Linker/Locator:  ArmLink.exe V5.06 update 1 (build 61)
Library Manager: ArmAr.exe V5.06 update 1 (build 61)
Hex Converter:   FromElf.exe V5.06 update 1 (build 61)
CPU DLL:         SARMCM3.DLL V5.17
Dialog DLL:      DCM.DLL V1.13.4.0
Target DLL:      STLink\ST-LINKIII-KEIL_SWO.dll V2.0.18.0
Dialog DLL:      TCM.DLL V1.14.6.0
 
<h2>Project:</h2>
E:\Project\embedded-system-design\embedded-system\MDK-ARM\embedded-system.uvprojx
Project File Date:  02/19/2022

<h2>Output:</h2>
*** Using Compiler 'V5.06 update 1 (build 61)', folder: 'C:\Keil_v5\ARM\ARMCC\Bin'
Rebuild target 'embedded-system'
assembling startup_stm32f411xe.s...
compiling font.c...
compiling Accelerometer.c...
compiling DisplayData.c...
../Core/Inc/UART.h(34): warning:  #1295-D: Deprecated declaration UartInit - give arg types
  void UartInit();
../Core/Inc/parameter.h(23): warning:  #1-D: last line of file ends without a newline
  #endif // __PARAM_H__
../Core/Inc/DisplayData.h(31): warning:  #1295-D: Deprecated declaration DisplayHeader - give arg types
  void DisplayHeader();
..\Core\Src\DisplayData.c: 3 warnings, 0 errors
compiling Gyro.c...
compiling StringUtilities.c...
compiling UART.c...
compiling system.c...
compiling stm32f4xx_it.c...
compiling main.c...
../Core/Inc/DES.h(6): warning:  #1-D: last line of file ends without a newline
  void initScreenTask(void);
../Core/Src/main.c(134): warning:  #223-D: function "processTimerEvents" declared implicitly
  		processTimerEvents();
../Core/Src/main.c: 2 warnings, 0 errors
compiling stm32f4xx_hal_msp.c...
compiling lcd.c...
../Core/Inc/lcd.h(97): warning:  #1295-D: Deprecated declaration ILI9341_Unselect - give arg types
  void ILI9341_Unselect();
..\Core\Src\lcd.c(217): warning:  #188-D: enumerated type mixed with another type
      HAL_GPIO_WritePin(
LI9341_LED_GPIO_Port, 
LI9341_LED_Pin, SET);
..\Core\Src\lcd.c: 2 warnings, 0 errors
compiling stimer.c...
../Core/Inc/stimer.h(16): warning:  #1-D: last line of file ends without a newline
  #endif //__STIMER_H__
..\Core\Src\stimer.c(70): warning:  #1-D: last line of file ends without a newline
  }
..\Core\Src\stimer.c: 2 warnings, 0 errors
compiling DES.c...
../Core/Inc/DES.h(6): warning:  #1-D: last line of file ends without a newline
  void initScreenTask(void);
../Core/Inc/UART.h(34): warning:  #1295-D: Deprecated declaration UartInit - give arg types
  void UartInit();
../Core/Inc/parameter.h(23): warning:  #1-D: last line of file ends without a newline
  #endif // __PARAM_H__
../Core/Inc/DisplayData.h(31): warning:  #1295-D: Deprecated declaration DisplayHeader - give arg types
  void DisplayHeader();
../Core/Inc/lcd.h(97): warning:  #1295-D: Deprecated declaration ILI9341_Unselect - give arg types
  void ILI9341_Unselect();
../Core/Inc/stimer.h(16): warning:  #1-D: last line of file ends without a newline
  #endif //__STIMER_H__
../Core/Inc/Accelerometer.h(33): warning:  #1295-D: Deprecated declaration AccelerometerInit - give arg types
  void AccelerometerInit();
../Core/Inc/Gyro.h(31): warning:  #1295-D: Deprecated declaration GyroInit - give arg types
  void GyroInit();
..\Core\Src\DES.c(173): warning:  #1-D: last line of file ends without a newline
  }
..\Core\Src\DES.c: 9 warnings, 0 errors
compiling stm32f4xx_hal_flash.c...
compiling stm32f4xx_hal_flash_ex.c...
compiling stm32f4xx_hal_rcc.c...
compiling stm32f4xx_hal_spi.c...
compiling stm32f4xx_hal_flash_ramfunc.c...
compiling stm32f4xx_hal_gpio.c...
compiling stm32f4xx_hal_rcc_ex.c...
compiling stm32f4xx_hal_pwr_ex.c...
compiling stm32f4xx_hal_cortex.c...
compiling stm32f4xx_hal_dma_ex.c...
compiling stm32f4xx_hal_exti.c...
compiling stm32f4xx_hal_dma.c...
compiling stm32f4xx_hal_pwr.c...
compiling stm32f4xx_hal.c...
compiling stm32f4xx_hal_tim.c...
compiling system_stm32f4xx.c...
compiling stm32f4xx_hal_tim_ex.c...
linking...
Program Size: Code=8786 RO-data=5470 RW-data=56 ZI-data=4296  
FromELF: creating hex file...
"embedded-system\embedded-system.axf" - 0 Error(s), 18 Warning(s).

<h2>Software Packages used:</h2>

Package Vendor: ARM
                http://www.keil.com/pack/ARM.CMSIS.5.7.0.pack
                ARM::CMSIS:CORE:5.4.0
                CMSIS (Cortex Microcontroller Software Interface Standard)
   * Component: CORE Version: 5.4.0

<h2>Collection of Component include folders:</h2>
  E:\Project\embedded-system-design\embedded-system\MDK-ARM\RTE
  C:\Users\linhe\AppData\Local\Arm\Packs\ARM\CMSIS\5.7.0\CMSIS\Core\Include
  C:\Users\linhe\AppData\Local\Arm\Packs\Keil\STM32F4xx_DFP\2.14.0\Drivers\CMSIS\Device\ST\STM32F4xx\Include

<h2>Collection of Component Files used:</h2>

   * Component: ARM::CMSIS:CORE:5.4.0
      Source file:   CMSIS\Core\Template\ARMv8-M\main_s.c
      Include file:  CMSIS\Core\Include\tz_context.h
      Source file:   CMSIS\Core\Template\ARMv8-M\tz_context.c
Build Time Elapsed:  00:00:12
</pre>
</body>
</html>
